2025-10-26 10:05:34,142 | INFO | app | REQ GET /health params={}
2025-10-26 10:05:34,656 | INFO | app | RESP 200 application/json
2025-10-26 10:05:34,712 | INFO | app | REQ GET /favicon.ico params={}
2025-10-26 10:05:34,714 | INFO | app | RESP 404 text/html; charset=utf-8
2025-10-26 10:05:47,905 | INFO | app | REQ GET /api/weather params={'city': 'Hanoi'}
2025-10-26 10:05:47,908 | INFO | app | RESP 200 application/json
2025-10-26 10:05:56,444 | INFO | app | REQ GET /api/forecast params={'city': 'Hanoi', 'hours': '5'}
2025-10-26 10:06:03,205 | INFO | app | REQ GET /api/forecast3 params={'city': 'Hanoi'}
2025-10-26 10:06:03,871 | INFO | app | RESP 200 application/json
2025-10-26 10:06:06,469 | INFO | app | RESP 500 application/json
2025-10-26 10:06:09,313 | INFO | app | REQ GET /api/history params={'city': 'Hanoi'}
2025-10-26 10:06:09,335 | INFO | app | RESP 200 application/json
2025-10-26 10:15:14,097 | INFO | app | REQ GET /health params={}
2025-10-26 10:15:14,546 | INFO | app | RESP 200 application/json
2025-10-26 10:15:14,559 | INFO | app | REQ GET /health params={}
2025-10-26 10:15:14,561 | INFO | app | RESP 200 application/json
2025-10-26 10:15:14,590 | INFO | app | REQ GET /api/weather params={'city': 'Hanoi'}
2025-10-26 10:15:14,591 | INFO | app | RESP 200 application/json
2025-10-26 10:15:14,607 | INFO | app | REQ GET /api/forecast params={'city': 'Hanoi', 'hours': '5'}
2025-10-26 10:15:34,678 | INFO | app | REQ GET /api/forecast3 params={'city': 'Hanoi'}
2025-10-26 10:15:35,199 | INFO | app | RESP 200 application/json
2025-10-26 10:15:35,262 | INFO | app | REQ GET /api/history params={'city': 'Hanoi', 'limit': '50'}
2025-10-26 10:15:35,294 | INFO | app | RESP 200 application/json
2025-10-26 10:15:37,722 | INFO | app | RESP 500 application/json
2025-10-26 10:18:11,506 | INFO | app | REQ GET /health params={}
2025-10-26 10:18:11,769 | INFO | app | RESP 200 application/json
2025-10-26 10:18:11,777 | INFO | app | REQ GET /health params={}
2025-10-26 10:18:11,778 | INFO | app | RESP 200 application/json
2025-10-26 10:18:11,788 | INFO | app | REQ GET /api/weather params={'city': 'Hanoi'}
2025-10-26 10:18:11,788 | INFO | app | RESP 200 application/json
2025-10-26 10:18:11,797 | INFO | app | REQ GET /api/forecast params={'city': 'Hanoi', 'hours': '5'}
2025-10-26 10:18:31,821 | INFO | app | REQ GET /api/forecast3 params={'city': 'Hanoi'}
2025-10-26 10:18:32,219 | INFO | app | RESP 200 application/json
2025-10-26 10:18:32,313 | INFO | app | REQ GET /api/history params={'city': 'Hanoi', 'limit': '50'}
2025-10-26 10:18:32,346 | INFO | app | RESP 200 application/json
2025-10-26 10:18:34,188 | INFO | app | RESP 500 application/json
2025-10-26 10:20:57,989 | INFO | app | REQ GET /health params={}
2025-10-26 10:20:58,400 | INFO | app | RESP 200 application/json
2025-10-26 10:20:58,412 | INFO | app | REQ GET /health params={}
2025-10-26 10:20:58,413 | INFO | app | RESP 200 application/json
2025-10-26 10:20:58,430 | INFO | app | REQ GET /api/weather params={'city': 'Hanoi'}
2025-10-26 10:20:58,433 | INFO | app | RESP 200 application/json
2025-10-26 10:20:58,449 | INFO | app | REQ GET /api/forecast params={'city': 'Hanoi', 'hours': '5'}
2025-10-26 10:21:15,943 | INFO | app | RESP 500 application/json
2025-10-26 10:21:15,991 | INFO | app | REQ GET /api/forecast3 params={'city': 'Hanoi'}
2025-10-26 10:21:16,184 | INFO | app | RESP 200 application/json
2025-10-26 10:21:16,196 | INFO | app | REQ GET /api/history params={'city': 'Hanoi', 'limit': '50'}
2025-10-26 10:21:16,211 | INFO | app | RESP 200 application/json
2025-10-26 10:23:16,392 | INFO | app | REQ GET /api/forecast params={'city': 'Hanoi', 'hours': '5'}
2025-10-26 10:23:37,925 | INFO | app | RESP 500 application/json
2025-10-26 10:23:56,779 | INFO | app | REQ GET /api/forecast params={'city': 'Hanoi', 'hours': '5'}
2025-10-26 10:24:17,286 | INFO | app | RESP 500 application/json
2025-10-26 10:27:45,401 | INFO | app | REQ GET /health params={}
2025-10-26 10:27:45,785 | INFO | app | RESP 200 application/json
2025-10-26 10:27:45,797 | INFO | app | REQ GET /health params={}
2025-10-26 10:27:45,802 | INFO | app | RESP 200 application/json
2025-10-26 10:27:45,812 | INFO | app | REQ GET /api/weather params={'city': 'Hanoi'}
2025-10-26 10:27:45,813 | INFO | app | RESP 200 application/json
2025-10-26 10:27:45,825 | INFO | app | REQ GET /api/forecast params={'city': 'Hanoi', 'hours': '5'}
2025-10-26 10:27:46,346 | INFO | app | RESP 200 application/json
2025-10-26 10:27:46,365 | INFO | app | REQ GET /api/forecast3 params={'city': 'Hanoi'}
2025-10-26 10:27:47,143 | INFO | app | RESP 200 application/json
2025-10-26 10:27:47,152 | INFO | app | REQ GET /api/history params={'city': 'Hanoi', 'limit': '50'}
2025-10-26 10:27:47,157 | INFO | app | RESP 200 application/json
2025-10-26 10:28:46,349 | INFO | app | REQ GET /health params={}
2025-10-26 10:28:46,351 | INFO | app | RESP 200 application/json
2025-10-26 10:28:46,357 | INFO | app | REQ GET /health params={}
2025-10-26 10:28:46,357 | INFO | app | RESP 200 application/json
2025-10-26 10:28:46,363 | INFO | app | REQ GET /api/weather params={'city': 'Hanoi'}
2025-10-26 10:28:46,365 | INFO | app | RESP 200 application/json
2025-10-26 10:28:46,371 | INFO | app | REQ GET /api/forecast params={'city': 'Hanoi', 'hours': '5'}
2025-10-26 10:28:46,659 | INFO | app | RESP 200 application/json
2025-10-26 10:28:46,669 | INFO | app | REQ GET /api/forecast3 params={'city': 'Hanoi'}
2025-10-26 10:28:47,189 | INFO | app | RESP 200 application/json
2025-10-26 10:28:47,197 | INFO | app | REQ GET /api/history params={'city': 'Hanoi', 'limit': '50'}
2025-10-26 10:28:47,200 | INFO | app | RESP 200 application/json
2025-10-26 10:30:53,352 | INFO | app | REQ GET /health params={}
2025-10-26 10:30:53,354 | INFO | app | RESP 200 application/json
2025-10-26 10:30:53,363 | INFO | app | REQ GET /health params={}
2025-10-26 10:30:53,365 | INFO | app | RESP 200 application/json
2025-10-26 10:30:53,378 | INFO | app | REQ GET /api/weather params={'city': 'Hanoi'}
2025-10-26 10:30:53,379 | INFO | app | RESP 200 application/json
2025-10-26 10:30:53,387 | INFO | app | REQ GET /api/forecast params={'city': 'Hanoi', 'hours': '5'}
2025-10-26 10:30:53,938 | INFO | app | RESP 200 application/json
2025-10-26 10:30:53,951 | INFO | app | REQ GET /api/forecast3 params={'city': 'Hanoi'}
2025-10-26 10:30:54,082 | INFO | app | RESP 200 application/json
2025-10-26 10:30:54,092 | INFO | app | REQ GET /api/history params={'city': 'Hanoi', 'limit': '50'}
2025-10-26 10:30:54,099 | INFO | app | RESP 200 application/json
2025-10-26 10:32:11,868 | INFO | app | REQ GET /health params={}
2025-10-26 10:32:11,870 | INFO | app | RESP 200 application/json
2025-10-26 10:32:17,122 | INFO | app | REQ GET /health params={}
2025-10-26 10:32:17,124 | INFO | app | RESP 200 application/json
2025-10-26 10:32:21,536 | INFO | app | REQ GET /health params={}
2025-10-26 10:32:21,538 | INFO | app | RESP 200 application/json
2025-10-26 10:32:55,634 | INFO | app | REQ GET /health params={}
2025-10-26 10:32:55,635 | INFO | app | RESP 200 application/json
2025-10-26 10:35:22,367 | INFO | app | REQ GET /health params={}
2025-10-26 10:35:22,369 | INFO | app | RESP 200 application/json
2025-10-26 10:35:24,489 | INFO | app | REQ GET /health params={}
2025-10-26 10:35:24,492 | INFO | app | RESP 200 application/json
2025-10-26 10:35:27,961 | INFO | app | REQ GET /health params={}
2025-10-26 10:35:27,963 | INFO | app | RESP 200 application/json
2025-10-26 10:35:31,552 | INFO | app | REQ GET /health params={}
2025-10-26 10:35:31,553 | INFO | app | RESP 200 application/json
2025-10-26 10:37:36,133 | INFO | app | REQ GET /health params={}
2025-10-26 10:37:36,136 | INFO | app | RESP 200 application/json
2025-10-26 10:37:40,617 | INFO | app | REQ GET /health params={}
2025-10-26 10:37:40,618 | INFO | app | RESP 200 application/json
2025-10-26 10:37:45,363 | INFO | app | REQ GET /health params={}
2025-10-26 10:37:45,366 | INFO | app | RESP 200 application/json
2025-10-26 10:37:50,430 | INFO | app | REQ GET /health params={}
2025-10-26 10:37:50,941 | INFO | app | RESP 200 application/json
2025-10-26 10:38:04,449 | INFO | app | REQ GET /health params={}
2025-10-26 10:38:04,451 | INFO | app | RESP 200 application/json
2025-10-26 10:38:07,435 | INFO | app | REQ GET /health params={}
2025-10-26 10:38:07,437 | INFO | app | RESP 200 application/json
2025-10-26 10:38:11,414 | INFO | app | REQ GET /health params={}
2025-10-26 10:38:11,416 | INFO | app | RESP 200 application/json
2025-10-26 10:39:55,592 | INFO | app | REQ GET /health params={}
2025-10-26 10:39:55,595 | INFO | app | RESP 200 application/json
2025-10-26 10:40:01,749 | INFO | app | REQ GET /health params={}
2025-10-26 10:40:01,751 | INFO | app | RESP 200 application/json
2025-10-26 10:40:05,827 | INFO | app | REQ GET /health params={}
2025-10-26 10:40:05,830 | INFO | app | RESP 200 application/json
2025-10-26 10:40:10,349 | INFO | app | REQ GET /health params={}
2025-10-26 10:40:10,350 | INFO | app | RESP 200 application/json
2025-10-26 10:42:32,553 | INFO | app | REQ GET /health params={}
2025-10-26 10:42:32,555 | INFO | app | RESP 200 application/json
2025-10-26 10:45:17,346 | INFO | app | REQ GET /health params={}
2025-10-26 10:45:17,348 | INFO | app | RESP 200 application/json
2025-10-26 10:45:19,394 | INFO | app | REQ GET /api/weather params={'city': 'Ho Chi Minh City', 't': '1761450319382'}
2025-10-26 10:45:19,694 | INFO | app | REQ GET /api/forecast params={'city': 'Ho Chi Minh City', 'hours': '5', 't': '1761450319383'}
2025-10-26 10:45:19,883 | INFO | app | RESP 200 application/json
2025-10-26 10:45:20,255 | INFO | app | RESP 200 application/json
2025-10-26 10:45:49,199 | INFO | app | REQ GET /api/forecast3 params={'city': 'Ho Chi Minh City', 't': '1761450348887'}
2025-10-26 10:45:50,592 | INFO | app | RESP 200 application/json
2025-10-26 10:45:50,957 | INFO | app | REQ GET /api/forecast3 params={'city': 'Ho Chi Minh City', 't': '1761450350953'}
2025-10-26 10:45:51,158 | INFO | app | RESP 200 application/json
2025-10-26 10:47:25,132 | INFO | app | REQ GET /api/history params={'city': 'Ho Chi Minh City', 'limit': '100', 't': '1761450444819'}
2025-10-26 10:47:25,167 | INFO | app | RESP 200 application/json
2025-10-26 10:47:39,044 | INFO | app | REQ GET /health params={}
2025-10-26 10:47:39,046 | INFO | app | RESP 200 application/json
2025-10-26 10:47:44,594 | INFO | app | REQ GET /api/weather params={'city': 'Hanoi', 't': '1761450464591'}
2025-10-26 10:47:44,595 | INFO | app | RESP 200 application/json
2025-10-26 10:47:44,901 | INFO | app | REQ GET /api/forecast params={'city': 'Hanoi', 'hours': '5', 't': '1761450464591'}
2025-10-26 10:47:45,910 | INFO | app | RESP 200 application/json
2025-10-26 10:47:46,712 | INFO | app | REQ GET /api/weather params={'city': 'Hanoi', 't': '1761450466402'}
2025-10-26 10:47:46,716 | INFO | app | REQ GET /api/forecast params={'city': 'Hanoi', 'hours': '5', 't': '1761450466402'}
2025-10-26 10:47:46,717 | INFO | app | RESP 200 application/json
2025-10-26 10:47:46,926 | INFO | app | RESP 200 application/json
2025-10-26 10:48:07,474 | INFO | app | REQ GET /api/forecast3 params={'city': 'Hanoi', 't': '1761450487468'}
2025-10-26 10:48:09,645 | INFO | app | RESP 200 application/json
2025-10-26 11:31:56,099 | INFO | app | REQ GET /api/weather params={'city': 'Gialai', 't': '1761453115772'}
2025-10-26 11:31:56,103 | INFO | app | REQ GET /api/forecast params={'city': 'Gialai', 'hours': '5', 't': '1761453115772'}
2025-10-26 11:31:56,834 | INFO | app | RESP 400 application/json
2025-10-26 11:31:56,869 | INFO | app | RESP 200 application/json
2025-10-26 11:32:19,390 | INFO | app | REQ GET /api/weather params={'city': 'Gia lai', 't': '1761453139382'}
2025-10-26 11:32:19,697 | INFO | app | REQ GET /api/forecast params={'city': 'Gia lai', 'hours': '5', 't': '1761453139382'}
2025-10-26 11:32:19,797 | INFO | app | RESP 200 application/json
2025-10-26 11:32:20,254 | INFO | app | RESP 200 application/json
2025-10-26 11:32:35,281 | INFO | app | REQ GET /api/forecast3 params={'city': 'Gia lai', 't': '1761453154969'}
2025-10-26 11:32:36,859 | INFO | app | RESP 200 application/json
2025-10-26 11:33:04,660 | INFO | app | REQ GET /health params={}
2025-10-26 11:33:05,130 | INFO | app | RESP 200 application/json
2025-10-26 11:33:14,024 | INFO | app | REQ GET /health params={}
2025-10-26 11:33:14,026 | INFO | app | RESP 200 application/json
2025-10-26 11:33:18,644 | INFO | app | REQ GET /health params={}
2025-10-26 11:33:18,646 | INFO | app | RESP 200 application/json
2025-10-26 11:33:24,510 | INFO | app | REQ GET /health params={}
2025-10-26 11:33:24,512 | INFO | app | RESP 200 application/json
2025-10-26 11:33:31,387 | INFO | app | REQ GET /health params={}
2025-10-26 11:33:31,388 | INFO | app | RESP 200 application/json
2025-10-26 11:33:40,303 | INFO | app | REQ GET /health params={}
2025-10-26 11:33:40,304 | INFO | app | RESP 200 application/json
2025-10-26 11:33:56,400 | INFO | app | REQ GET /health params={}
2025-10-26 11:33:56,403 | INFO | app | RESP 200 application/json
2025-10-26 11:35:22,559 | INFO | app | REQ GET /health params={}
2025-10-26 11:35:22,814 | INFO | app | RESP 200 application/json
2025-10-26 11:38:13,883 | INFO | app | REQ GET /health params={}
2025-10-26 11:38:13,885 | INFO | app | RESP 200 application/json
2025-10-26 11:38:18,880 | INFO | app | REQ GET /health params={}
2025-10-26 11:38:18,882 | INFO | app | RESP 200 application/json
2025-10-26 11:38:19,739 | INFO | app | REQ GET /api/weather params={'city': 'Gia lai', 't': '1761453499420'}
2025-10-26 11:38:19,742 | INFO | app | REQ GET /api/forecast params={'city': 'Gia lai', 'hours': '5', 't': '1761453499421'}
2025-10-26 11:38:20,249 | INFO | app | RESP 200 application/json
2025-10-26 11:38:20,436 | INFO | app | RESP 200 application/json
2025-10-26 11:38:24,155 | INFO | app | REQ GET /api/weather params={'city': 'Gia lai', 't': '1761453504149'}
2025-10-26 11:38:24,158 | INFO | app | RESP 200 application/json
2025-10-26 11:38:24,474 | INFO | app | REQ GET /api/forecast params={'city': 'Gia lai', 'hours': '5', 't': '1761453504150'}
2025-10-26 11:38:24,744 | INFO | app | RESP 200 application/json
2025-10-26 11:38:30,342 | INFO | app | REQ GET /api/forecast3 params={'city': 'Gia lai', 't': '1761453510031'}
2025-10-26 11:38:31,626 | INFO | app | RESP 200 application/json
2025-10-26 11:44:20,183 | INFO | app | REQ GET /health params={}
2025-10-26 11:44:20,216 | INFO | app | REQ GET /api/weather params={'city': 'Gia lai', 't': '1761453859902'}
2025-10-26 11:44:20,221 | INFO | app | REQ GET /api/forecast params={'city': 'Gia lai', 'hours': '5', 't': '1761453859902'}
2025-10-26 11:44:20,620 | INFO | app | RESP 200 application/json
2025-10-26 11:44:20,629 | INFO | app | RESP 200 application/json
2025-10-26 11:44:20,676 | INFO | app | RESP 200 application/json
2025-10-26 11:44:27,088 | INFO | app | REQ GET /api/weather params={'city': 'Tây ninh', 't': '1761453867084'}
2025-10-26 11:44:27,399 | INFO | app | REQ GET /api/forecast params={'city': 'Tây ninh', 'hours': '5', 't': '1761453867084'}
2025-10-26 11:44:27,528 | INFO | app | RESP 200 application/json
2025-10-26 11:44:28,230 | INFO | app | RESP 200 application/json
2025-10-26 11:44:28,958 | INFO | app | REQ GET /api/weather params={'city': 'Tây ninh', 't': '1761453868644'}
2025-10-26 11:44:28,961 | INFO | app | RESP 200 application/json
2025-10-26 11:44:28,962 | INFO | app | REQ GET /api/forecast params={'city': 'Tây ninh', 'hours': '5', 't': '1761453868645'}
2025-10-26 11:44:29,229 | INFO | app | RESP 200 application/json
2025-10-26 11:44:30,615 | INFO | app | REQ GET /api/weather params={'city': 'Tây ninh', 't': '1761453870610'}
2025-10-26 11:44:30,618 | INFO | app | RESP 200 application/json
2025-10-26 11:44:30,926 | INFO | app | REQ GET /api/forecast params={'city': 'Tây ninh', 'hours': '5', 't': '1761453870610'}
2025-10-26 11:44:31,157 | INFO | app | RESP 200 application/json
2025-10-26 11:44:43,723 | INFO | app | REQ GET /api/weather params={'city': 'An Giang', 't': '1761453883414'}
2025-10-26 11:44:43,727 | INFO | app | REQ GET /api/forecast params={'city': 'An Giang', 'hours': '5', 't': '1761453883414'}
2025-10-26 11:44:44,180 | INFO | app | RESP 200 application/json
2025-10-26 11:44:44,467 | INFO | app | RESP 200 application/json
2025-10-26 11:44:46,663 | INFO | app | REQ GET /api/weather params={'city': 'An Giang', 't': '1761453886657'}
2025-10-26 11:44:46,665 | INFO | app | RESP 200 application/json
2025-10-26 11:44:46,970 | INFO | app | REQ GET /api/forecast params={'city': 'An Giang', 'hours': '5', 't': '1761453886657'}
2025-10-26 11:44:47,217 | INFO | app | RESP 200 application/json
2025-10-26 11:45:17,488 | INFO | app | REQ GET /api/weather params={'city': 'dak lak', 't': '1761453917171'}
2025-10-26 11:45:17,489 | INFO | app | REQ GET /api/forecast params={'city': 'dak lak', 'hours': '5', 't': '1761453917171'}
2025-10-26 11:45:18,399 | INFO | app | RESP 200 application/json
2025-10-26 11:45:18,702 | INFO | app | RESP 200 application/json
2025-10-26 11:48:18,824 | INFO | app | REQ GET /health params={}
2025-10-26 11:48:19,088 | INFO | app | REQ GET /api/weather params={'city': 'Gia lai', 't': '1761454099038'}
2025-10-26 11:48:19,320 | INFO | app | RESP 200 application/json
2025-10-26 11:48:19,347 | INFO | app | REQ GET /api/forecast params={'city': 'Gia lai', 'hours': '5', 't': '1761454099038'}
2025-10-26 11:48:19,468 | INFO | app | RESP 200 application/json
2025-10-26 11:48:19,867 | INFO | app | REQ GET /api/weather params={'city': 'Gia lai', 't': '1761454099862'}
2025-10-26 11:48:19,944 | INFO | app | RESP 200 application/json
2025-10-26 11:48:20,089 | INFO | app | RESP 200 application/json
2025-10-26 11:48:20,214 | INFO | app | REQ GET /api/forecast params={'city': 'Gia lai', 'hours': '5', 't': '1761454099862'}
2025-10-26 11:48:20,444 | INFO | app | RESP 200 application/json
2025-10-26 11:48:27,298 | INFO | app | REQ GET /api/weather params={'city': '', 't': '1761454106982'}
2025-10-26 11:48:27,301 | INFO | app | RESP 400 application/json
2025-10-26 11:48:27,302 | INFO | app | REQ GET /api/forecast params={'city': '', 'hours': '5', 't': '1761454106983'}
2025-10-26 11:48:28,145 | INFO | app | RESP 200 application/json
2025-10-26 11:48:44,653 | INFO | app | REQ GET /api/weather params={'city': 'Tây Ninh', 't': '1761454124647'}
2025-10-26 11:48:44,967 | INFO | app | REQ GET /api/forecast params={'city': 'Tây Ninh', 'hours': '5', 't': '1761454124647'}
2025-10-26 11:48:45,094 | INFO | app | RESP 200 application/json
2025-10-26 11:48:45,864 | INFO | app | RESP 200 application/json
2025-10-26 11:48:45,920 | INFO | app | REQ GET /api/weather params={'city': 'Tây Ninh', 't': '1761454125607'}
2025-10-26 11:48:45,922 | INFO | app | REQ GET /api/forecast params={'city': 'Tây Ninh', 'hours': '5', 't': '1761454125607'}
2025-10-26 11:48:46,148 | INFO | app | RESP 200 application/json
2025-10-26 11:48:46,149 | INFO | app | RESP 200 application/json
2025-10-26 11:48:46,217 | INFO | app | REQ GET /api/weather params={'city': 'Tây Ninh', 't': '1761454125903'}
2025-10-26 11:48:46,220 | INFO | app | REQ GET /api/forecast params={'city': 'Tây Ninh', 'hours': '5', 't': '1761454125903'}
2025-10-26 11:48:46,421 | INFO | app | RESP 200 application/json
2025-10-26 11:48:46,441 | INFO | app | RESP 200 application/json
2025-10-26 11:49:59,113 | INFO | app | REQ GET /health params={}
2025-10-26 11:49:59,116 | INFO | app | RESP 200 application/json
2025-10-26 11:49:59,360 | INFO | app | REQ GET /api/weather params={'city': 'Gia lai', 't': '1761454199251'}
2025-10-26 11:49:59,565 | INFO | app | REQ GET /api/forecast params={'city': 'Gia lai', 'hours': '5', 't': '1761454199251'}
2025-10-26 11:49:59,650 | INFO | app | RESP 200 application/json
2025-10-26 11:49:59,784 | INFO | app | RESP 200 application/json
2025-10-26 11:50:08,424 | INFO | app | REQ GET /api/weather params={'city': 'Tây', 't': '1761454208421'}
2025-10-26 11:50:08,732 | INFO | app | REQ GET /api/forecast params={'city': 'Tây', 'hours': '5', 't': '1761454208421'}
2025-10-26 11:50:08,830 | INFO | app | RESP 200 application/json
2025-10-26 11:50:09,426 | INFO | app | RESP 200 application/json
2025-10-26 11:50:12,153 | INFO | app | REQ GET /api/weather params={'city': 'Tây ninh', 't': '1761454211839'}
2025-10-26 11:50:12,155 | INFO | app | REQ GET /api/forecast params={'city': 'Tây ninh', 'hours': '5', 't': '1761454211840'}
2025-10-26 11:50:12,373 | INFO | app | RESP 200 application/json
2025-10-26 11:50:12,420 | INFO | app | RESP 200 application/json
2025-10-26 11:50:13,259 | INFO | app | REQ GET /api/weather params={'city': 'Tây ninh', 't': '1761454213256'}
2025-10-26 11:50:13,489 | INFO | app | RESP 200 application/json
2025-10-26 11:50:13,573 | INFO | app | REQ GET /api/forecast params={'city': 'Tây ninh', 'hours': '5', 't': '1761454213256'}
2025-10-26 11:50:13,758 | INFO | app | RESP 200 application/json
2025-10-26 11:50:13,795 | INFO | app | REQ GET /api/weather params={'city': 'Tây ninh', 't': '1761454213479'}
2025-10-26 11:50:13,800 | INFO | app | REQ GET /api/forecast params={'city': 'Tây ninh', 'hours': '5', 't': '1761454213479'}
2025-10-26 11:50:14,021 | INFO | app | RESP 200 application/json
2025-10-26 11:50:14,047 | INFO | app | RESP 200 application/json
2025-10-26 11:50:14,389 | INFO | app | REQ GET /api/weather params={'city': 'Tây ninh', 't': '1761454214075'}
2025-10-26 11:50:14,392 | INFO | app | REQ GET /api/forecast params={'city': 'Tây ninh', 'hours': '5', 't': '1761454214075'}
2025-10-26 11:50:14,607 | INFO | app | RESP 200 application/json
2025-10-26 11:50:14,622 | INFO | app | RESP 200 application/json
2025-10-26 11:50:22,818 | INFO | app | REQ GET /api/weather params={'city': 'T', 't': '1761454222811'}
2025-10-26 11:50:23,123 | INFO | app | REQ GET /api/forecast params={'city': 'T', 'hours': '5', 't': '1761454222813'}
2025-10-26 11:50:23,220 | INFO | app | RESP 200 application/json
2025-10-26 11:50:24,069 | INFO | app | RESP 200 application/json
2025-10-26 11:50:28,363 | INFO | app | REQ GET /api/weather params={'city': 'Tây ninh', 't': '1761454228050'}
2025-10-26 11:50:28,366 | INFO | app | REQ GET /api/forecast params={'city': 'Tây ninh', 'hours': '5', 't': '1761454228050'}
2025-10-26 11:50:28,608 | INFO | app | RESP 200 application/json
2025-10-26 11:50:28,642 | INFO | app | RESP 200 application/json
2025-10-26 11:50:29,450 | INFO | app | REQ GET /api/weather params={'city': 'Tây ninh', 't': '1761454229446'}
2025-10-26 11:50:29,659 | INFO | app | RESP 200 application/json
2025-10-26 11:50:29,758 | INFO | app | REQ GET /api/forecast params={'city': 'Tây ninh', 'hours': '5', 't': '1761454229446'}
2025-10-26 11:50:29,946 | INFO | app | REQ GET /api/weather params={'city': 'Tây ninh', 't': '1761454229632'}
2025-10-26 11:50:29,950 | INFO | app | REQ GET /api/forecast params={'city': 'Tây ninh', 'hours': '5', 't': '1761454229633'}
2025-10-26 11:50:29,972 | INFO | app | RESP 200 application/json
2025-10-26 11:50:30,148 | INFO | app | REQ GET /api/weather params={'city': 'Tây ninh', 't': '1761454229827'}
2025-10-26 11:50:30,152 | INFO | app | REQ GET /api/forecast params={'city': 'Tây ninh', 'hours': '5', 't': '1761454229827'}
2025-10-26 11:50:30,176 | INFO | app | RESP 200 application/json
2025-10-26 11:50:30,178 | INFO | app | RESP 200 application/json
2025-10-26 11:50:30,301 | INFO | app | REQ GET /api/weather params={'city': 'Tây ninh', 't': '1761454229988'}
2025-10-26 11:50:30,304 | INFO | app | REQ GET /api/forecast params={'city': 'Tây ninh', 'hours': '5', 't': '1761454229988'}
2025-10-26 11:50:30,386 | INFO | app | RESP 200 application/json
2025-10-26 11:50:30,396 | INFO | app | RESP 200 application/json
2025-10-26 11:50:30,505 | INFO | app | REQ GET /api/weather params={'city': 'Tây ninh', 't': '1761454230141'}
2025-10-26 11:50:30,509 | INFO | app | REQ GET /api/forecast params={'city': 'Tây ninh', 'hours': '5', 't': '1761454230141'}
2025-10-26 11:50:30,519 | INFO | app | RESP 200 application/json
2025-10-26 11:50:30,524 | INFO | app | RESP 200 application/json
2025-10-26 11:50:30,711 | INFO | app | REQ GET /api/weather params={'city': 'Tây ninh', 't': '1761454230307'}
2025-10-26 11:50:30,714 | INFO | app | REQ GET /api/forecast params={'city': 'Tây ninh', 'hours': '5', 't': '1761454230307'}
2025-10-26 11:50:30,757 | INFO | app | RESP 200 application/json
2025-10-26 11:50:30,774 | INFO | app | RESP 200 application/json
2025-10-26 11:50:30,855 | INFO | app | REQ GET /api/weather params={'city': 'Tây ninh', 't': '1761454230538'}
2025-10-26 11:50:30,870 | INFO | app | REQ GET /api/forecast params={'city': 'Tây ninh', 'hours': '5', 't': '1761454230539'}
2025-10-26 11:50:30,945 | INFO | app | RESP 200 application/json
2025-10-26 11:50:30,947 | INFO | app | RESP 200 application/json
2025-10-26 11:50:31,074 | INFO | app | RESP 200 application/json
2025-10-26 11:50:31,088 | INFO | app | RESP 200 application/json
2025-10-26 11:50:33,986 | INFO | app | REQ GET /api/weather params={'city': 'Tây ninh', 't': '1761454233674'}
2025-10-26 11:50:33,990 | INFO | app | REQ GET /api/forecast params={'city': 'Tây ninh', 'hours': '5', 't': '1761454233674'}
2025-10-26 11:50:34,215 | INFO | app | RESP 200 application/json
2025-10-26 11:50:34,235 | INFO | app | RESP 200 application/json
2025-10-26 11:50:34,741 | INFO | app | REQ GET /api/weather params={'city': 'Tây ninh', 't': '1761454234736'}
2025-10-26 11:50:34,965 | INFO | app | RESP 200 application/json
2025-10-26 11:50:35,049 | INFO | app | REQ GET /api/forecast params={'city': 'Tây ninh', 'hours': '5', 't': '1761454234736'}
2025-10-26 11:50:35,276 | INFO | app | RESP 200 application/json
2025-10-26 11:50:39,851 | INFO | app | REQ GET /api/weather params={'city': 'Tây Ninh', 't': '1761454239537'}
2025-10-26 11:50:39,854 | INFO | app | REQ GET /api/forecast params={'city': 'Tây Ninh', 'hours': '5', 't': '1761454239537'}
2025-10-26 11:50:40,142 | INFO | app | RESP 200 application/json
2025-10-26 11:50:40,154 | INFO | app | RESP 200 application/json
2025-10-26 11:50:40,497 | INFO | app | REQ GET /api/weather params={'city': 'Tây Ninh', 't': '1761454240492'}
2025-10-26 11:50:40,814 | INFO | app | REQ GET /api/forecast params={'city': 'Tây Ninh', 'hours': '5', 't': '1761454240493'}
2025-10-26 11:50:41,000 | INFO | app | REQ GET /api/weather params={'city': 'Tây Ninh', 't': '1761454240690'}
2025-10-26 11:50:41,003 | INFO | app | REQ GET /api/forecast params={'city': 'Tây Ninh', 'hours': '5', 't': '1761454240690'}
2025-10-26 11:50:41,047 | INFO | app | RESP 200 application/json
2025-10-26 11:50:41,084 | INFO | app | RESP 200 application/json
2025-10-26 11:50:41,173 | INFO | app | REQ GET /api/weather params={'city': 'Tây Ninh', 't': '1761454240861'}
2025-10-26 11:50:41,177 | INFO | app | REQ GET /api/forecast params={'city': 'Tây Ninh', 'hours': '5', 't': '1761454240862'}
2025-10-26 11:50:41,199 | INFO | app | RESP 200 application/json
2025-10-26 11:50:41,230 | INFO | app | RESP 200 application/json
2025-10-26 11:50:41,361 | INFO | app | REQ GET /api/weather params={'city': 'Tây Ninh', 't': '1761454241015'}
2025-10-26 11:50:41,371 | INFO | app | RESP 200 application/json
2025-10-26 11:50:41,406 | INFO | app | REQ GET /api/forecast params={'city': 'Tây Ninh', 'hours': '5', 't': '1761454241016'}
2025-10-26 11:50:41,422 | INFO | app | RESP 200 application/json
2025-10-26 11:50:41,514 | INFO | app | REQ GET /api/weather params={'city': 'Tây Ninh', 't': '1761454241180'}
2025-10-26 11:50:41,547 | INFO | app | REQ GET /api/forecast params={'city': 'Tây Ninh', 'hours': '5', 't': '1761454241180'}
2025-10-26 11:50:41,568 | INFO | app | RESP 200 application/json
2025-10-26 11:50:41,622 | INFO | app | RESP 200 application/json
2025-10-26 11:50:41,688 | INFO | app | REQ GET /api/weather params={'city': 'Tây Ninh', 't': '1761454241348'}
2025-10-26 11:50:41,715 | INFO | app | RESP 200 application/json
2025-10-26 11:50:41,733 | INFO | app | REQ GET /api/forecast params={'city': 'Tây Ninh', 'hours': '5', 't': '1761454241348'}
2025-10-26 11:50:41,772 | INFO | app | RESP 200 application/json
2025-10-26 11:50:41,908 | INFO | app | RESP 200 application/json
2025-10-26 11:50:41,966 | INFO | app | RESP 200 application/json
2025-10-26 11:51:30,292 | INFO | app | REQ GET /api/history params={'city': 'Gia lai', 'limit': '100', 't': '1761454289977'}
2025-10-26 11:51:30,318 | INFO | app | RESP 200 application/json
2025-10-26 11:51:42,828 | INFO | app | REQ GET /api/history params={'city': 'T', 'limit': '100', 't': '1761454302825'}
2025-10-26 11:51:42,834 | INFO | app | RESP 200 application/json
2025-10-26 11:51:43,837 | INFO | app | REQ GET /api/history params={'city': 'T', 'limit': '100', 't': '1761454303522'}
2025-10-26 11:51:43,845 | INFO | app | RESP 200 application/json
2025-10-26 11:51:47,927 | INFO | app | REQ GET /api/history params={'city': 'Tây ninh', 'limit': '100', 't': '1761454307923'}
2025-10-26 11:51:47,938 | INFO | app | RESP 200 application/json
2025-10-26 11:51:49,103 | INFO | app | REQ GET /api/history params={'city': 'Tây ninh', 'limit': '100', 't': '1761454308786'}
2025-10-26 11:51:49,109 | INFO | app | RESP 200 application/json
2025-10-26 11:51:49,365 | INFO | app | REQ GET /api/history params={'city': 'Tây ninh', 'limit': '100', 't': '1761454309106'}
2025-10-26 11:51:49,371 | INFO | app | RESP 200 application/json
2025-10-26 11:51:49,425 | INFO | app | REQ GET /api/history params={'city': 'Tây ninh', 'limit': '100', 't': '1761454309293'}
2025-10-26 11:51:49,430 | INFO | app | RESP 200 application/json
2025-10-26 11:52:08,705 | INFO | app | REQ GET /health params={}
2025-10-26 11:52:08,708 | INFO | app | RESP 200 application/json
2025-10-26 11:52:10,261 | INFO | app | REQ GET /health params={}
2025-10-26 11:52:10,263 | INFO | app | RESP 200 application/json
2025-10-26 11:52:23,634 | INFO | app | REQ GET /api/forecast3 params={'city': 'Gia lai', 't': '1761454343626'}
2025-10-26 11:52:24,550 | INFO | app | REQ GET /api/forecast3 params={'city': 'Gia lai', 't': '1761454344236'}
2025-10-26 11:52:24,706 | INFO | app | REQ GET /api/forecast3 params={'city': 'Gia lai', 't': '1761454344389'}
2025-10-26 11:52:24,863 | INFO | app | REQ GET /api/forecast3 params={'city': 'Gia lai', 't': '1761454344543'}
2025-10-26 11:52:25,035 | INFO | app | REQ GET /api/forecast3 params={'city': 'Gia lai', 't': '1761454344715'}
2025-10-26 11:52:25,174 | INFO | app | REQ GET /api/forecast3 params={'city': 'Gia lai', 't': '1761454344862'}
2025-10-26 11:52:25,951 | INFO | app | RESP 200 application/json
2025-10-26 11:52:26,418 | INFO | app | RESP 200 application/json
2025-10-26 11:52:26,452 | INFO | app | RESP 200 application/json
2025-10-26 11:52:26,972 | INFO | app | RESP 200 application/json
2025-10-26 11:52:26,994 | INFO | app | RESP 200 application/json
2025-10-26 11:52:27,008 | INFO | app | RESP 200 application/json
2025-10-26 12:13:10,697 | INFO | app | REQ GET /health params={}
2025-10-26 12:13:11,153 | INFO | app | RESP 200 application/json
2025-10-26 12:13:15,400 | INFO | app | REQ GET /api/weather params={'city': 'Gia lai', 't': '1761455595394'}
2025-10-26 12:13:15,707 | INFO | app | REQ GET /api/forecast params={'city': 'Gia lai', 'hours': '5', 't': '1761455595395'}
2025-10-26 12:13:15,783 | INFO | app | RESP 200 application/json
2025-10-26 12:13:16,328 | INFO | app | RESP 200 application/json
2025-10-26 12:13:23,560 | INFO | app | REQ GET /api/weather params={'city': 'Tây ninh', 't': '1761455603247'}
2025-10-26 12:13:23,567 | INFO | app | REQ GET /api/forecast params={'city': 'Tây ninh', 'hours': '5', 't': '1761455603247'}
2025-10-26 12:13:23,999 | INFO | app | RESP 200 application/json
2025-10-26 12:13:24,156 | INFO | app | RESP 200 application/json
2025-10-26 12:18:06,164 | INFO | app | REQ GET /api/weather params={'city': 'Tây ninh', 't': '1761455885842'}
2025-10-26 12:18:06,169 | INFO | app | REQ GET /api/forecast params={'city': 'Tây ninh', 'hours': '5', 't': '1761455885843'}
2025-10-26 12:18:06,678 | INFO | app | RESP 200 application/json
2025-10-26 12:18:06,857 | INFO | app | RESP 200 application/json
2025-10-26 12:18:18,416 | INFO | app | REQ GET /health params={}
2025-10-26 12:18:18,417 | INFO | app | RESP 200 application/json
2025-10-26 12:18:21,784 | INFO | app | REQ GET /api/weather params={'city': 'Gia lai', 't': '1761455901779'}
2025-10-26 12:18:22,090 | INFO | app | REQ GET /api/forecast params={'city': 'Gia lai', 'hours': '5', 't': '1761455901780'}
2025-10-26 12:18:22,185 | INFO | app | RESP 200 application/json
2025-10-26 12:18:23,135 | INFO | app | RESP 200 application/json
2025-10-26 12:18:33,651 | INFO | app | REQ GET /api/weather params={'city': 'Tây Ninh', 't': '1761455913343'}
2025-10-26 12:18:33,655 | INFO | app | REQ GET /api/forecast params={'city': 'Tây Ninh', 'hours': '5', 't': '1761455913343'}
2025-10-26 12:18:33,860 | INFO | app | RESP 200 application/json
2025-10-26 12:18:33,872 | INFO | app | RESP 200 application/json
2025-10-26 12:18:47,706 | INFO | app | REQ GET /api/forecast3 params={'city': 'Gia lai', 't': '1761455927700'}
2025-10-26 12:18:49,293 | INFO | app | RESP 200 application/json
2025-10-26 12:18:57,470 | INFO | app | REQ GET /api/forecast3 params={'city': 'Tây Ninh', 't': '1761455937161'}
2025-10-26 12:18:59,586 | INFO | app | RESP 200 application/json
2025-10-26 12:19:08,623 | INFO | app | REQ GET /api/forecast3 params={'city': 'Hải Dương', 't': '1761455948618'}
2025-10-26 12:19:09,948 | INFO | app | RESP 200 application/json
2025-10-26 12:19:18,989 | INFO | app | REQ GET /api/forecast3 params={'city': 'Hải Phòng', 't': '1761455958675'}
2025-10-26 12:19:21,696 | INFO | app | RESP 200 application/json
2025-10-26 12:19:29,345 | INFO | app | REQ GET /api/weather params={'city': 'Hải Phòng', 't': '1761455969341'}
2025-10-26 12:19:29,652 | INFO | app | REQ GET /api/forecast params={'city': 'Hải Phòng', 'hours': '5', 't': '1761455969341'}
2025-10-26 12:19:29,744 | INFO | app | RESP 200 application/json
2025-10-26 12:19:30,339 | INFO | app | RESP 200 application/json
2025-10-26 12:19:41,105 | INFO | app | REQ GET /api/weather params={'city': 'Hải Dương', 't': '1761455980793'}
2025-10-26 12:19:41,107 | INFO | app | REQ GET /api/forecast params={'city': 'Hải Dương', 'hours': '5', 't': '1761455980794'}
2025-10-26 12:19:41,474 | INFO | app | RESP 200 application/json
2025-10-26 12:19:41,783 | INFO | app | RESP 200 application/json
2025-10-26 12:20:01,478 | INFO | app | REQ GET /health params={}
2025-10-26 12:20:01,479 | INFO | app | RESP 200 application/json
2025-10-26 12:20:06,687 | INFO | app | REQ GET /api/history params={'city': 'Gia lai', 'limit': '100', 't': '1761456006374'}
2025-10-26 12:20:06,711 | INFO | app | RESP 200 application/json
2025-10-26 12:20:16,972 | INFO | app | REQ GET /api/history params={'city': 'T', 'limit': '100', 't': '1761456016966'}
2025-10-26 12:20:16,980 | INFO | app | RESP 200 application/json
2025-10-26 12:20:29,871 | INFO | app | REQ GET /api/history params={'city': 'Hải phòng', 'limit': '100', 't': '1761456029554'}
2025-10-26 12:20:29,876 | INFO | app | RESP 200 application/json
2025-10-26 12:22:44,541 | INFO | app | REQ GET /health params={}
2025-10-26 12:22:44,543 | INFO | app | RESP 200 application/json
2025-10-26 12:22:48,899 | INFO | app | REQ GET /api/weather params={'city': 'Gia lai', 't': '1761456168895'}
2025-10-26 12:22:49,338 | INFO | app | RESP 200 application/json
2025-10-26 12:22:54,884 | INFO | app | REQ GET /health params={}
2025-10-26 12:22:54,886 | INFO | app | RESP 200 application/json
2025-10-26 12:29:18,734 | INFO | app | REQ GET /health params={}
2025-10-26 12:29:19,150 | INFO | app | RESP 200 application/json
2025-10-26 12:29:26,663 | INFO | app | REQ GET /health params={}
2025-10-26 12:29:26,664 | INFO | app | RESP 200 application/json
2025-10-26 12:29:28,580 | INFO | app | REQ GET /health params={}
2025-10-26 12:29:28,585 | INFO | app | RESP 200 application/json
2025-10-26 12:29:31,973 | INFO | app | REQ GET /api/weather params={'city': 'Gia lai', 't': '1761456571969'}
2025-10-26 12:29:32,331 | INFO | app | RESP 200 application/json
2025-10-26 12:32:05,851 | INFO | app | REQ GET /api/weather params={'city': 'Gia lai', 't': '1761456725533'}
2025-10-26 12:32:06,173 | INFO | app | RESP 200 application/json
2025-10-26 12:32:07,396 | INFO | app | REQ GET /api/weather params={'city': 'Gia lai', 't': '1761456727390'}
2025-10-26 12:32:07,676 | INFO | app | RESP 200 application/json
2025-10-26 12:32:09,747 | INFO | app | REQ GET /health params={}
2025-10-26 12:32:09,749 | INFO | app | RESP 200 application/json
2025-10-26 12:32:14,758 | INFO | app | REQ GET /api/weather params={'city': 'Gia lai', 't': '1761456734755'}
2025-10-26 12:32:14,963 | INFO | app | RESP 200 application/json
2025-10-26 12:33:17,578 | INFO | app | REQ GET /health params={}
2025-10-26 12:33:17,582 | INFO | app | RESP 200 application/json
2025-10-26 12:33:21,333 | INFO | app | REQ GET /api/weather params={'city': 'Gia lai', 't': '1761456801326'}
2025-10-26 12:33:21,835 | INFO | app | RESP 200 application/json
2025-10-26 12:34:50,709 | INFO | app | REQ GET /health params={}
2025-10-26 12:34:50,711 | INFO | app | RESP 200 application/json
2025-10-26 12:34:54,238 | INFO | app | REQ GET /api/weather params={'city': 'Gia lai', 't': '1761456893921'}
2025-10-26 12:34:54,609 | INFO | app | RESP 200 application/json
2025-10-26 12:35:39,128 | INFO | app | REQ GET /health params={}
2025-10-26 12:35:39,131 | INFO | app | RESP 200 application/json
2025-10-26 12:35:42,535 | INFO | app | REQ GET /api/weather params={'city': 'Gia lai', 't': '1761456942529'}
2025-10-26 12:35:42,903 | INFO | app | RESP 200 application/json
2025-10-26 12:36:06,420 | INFO | app | REQ GET /health params={}
2025-10-26 12:36:06,423 | INFO | app | RESP 200 application/json
2025-10-26 12:36:09,940 | INFO | app | REQ GET /api/weather params={'city': 'Gia lai', 't': '1761456969931'}
2025-10-26 12:36:10,179 | INFO | app | RESP 200 application/json
2025-10-26 12:37:05,447 | INFO | app | REQ GET /health params={}
2025-10-26 12:37:05,449 | INFO | app | RESP 200 application/json
2025-10-26 12:37:09,831 | INFO | app | REQ GET /api/weather params={'city': 'Gia lai', 't': '1761457029826'}
2025-10-26 12:37:10,253 | INFO | app | RESP 200 application/json
2025-10-26 12:37:20,770 | INFO | app | REQ GET /health params={}
2025-10-26 12:37:20,772 | INFO | app | RESP 200 application/json
2025-10-26 12:37:25,731 | INFO | app | REQ GET /health params={}
2025-10-26 12:37:25,734 | INFO | app | RESP 200 application/json
2025-10-26 12:37:30,032 | INFO | app | REQ GET /api/weather params={'city': 'Ho Chi Minh City', 't': '1761457049720'}
2025-10-26 12:37:30,564 | INFO | app | RESP 200 application/json
2025-10-26 12:37:34,734 | INFO | app | REQ GET /health params={}
2025-10-26 12:37:34,735 | INFO | app | RESP 200 application/json
2025-10-26 12:37:42,997 | INFO | app | REQ GET /api/weather params={'city': 'Gia lai', 't': '1761457062684'}
2025-10-26 12:37:43,002 | INFO | app | REQ GET /api/forecast params={'city': 'Gia lai', 'hours': '5', 't': '1761457062685'}
2025-10-26 12:37:43,232 | INFO | app | RESP 200 application/json
2025-10-26 12:37:43,958 | INFO | app | RESP 200 application/json
2025-10-26 12:37:50,165 | INFO | app | REQ GET /api/forecast3 params={'city': 'Ho Chi Minh City', 't': '1761457070160'}
2025-10-26 12:37:53,036 | INFO | app | RESP 200 application/json
2025-10-26 12:38:01,739 | INFO | app | REQ GET /api/history params={'city': 'Ho Chi Minh City', 'limit': '100', 't': '1761457081424'}
2025-10-26 12:38:01,761 | INFO | app | RESP 200 application/json
2025-10-26 12:39:04,402 | INFO | app | REQ GET /health params={}
2025-10-26 12:39:04,403 | INFO | app | RESP 200 application/json
2025-10-26 12:39:05,424 | INFO | app | REQ GET /health params={}
2025-10-26 12:39:05,425 | INFO | app | RESP 200 application/json
2025-10-26 12:39:09,116 | INFO | app | REQ GET /api/weather params={'city': 'Gia lai', 't': '1761457148799'}
2025-10-26 12:39:09,119 | INFO | app | REQ GET /api/forecast params={'city': 'Gia lai', 'hours': '5', 't': '1761457148800'}
2025-10-26 12:39:09,490 | INFO | app | RESP 200 application/json
2025-10-26 12:39:09,491 | INFO | app | RESP 200 application/json
2025-10-26 12:39:15,005 | INFO | app | REQ GET /api/forecast3 params={'city': 'Gia lai', 't': '1761457155000'}
2025-10-26 12:39:16,749 | INFO | app | RESP 200 application/json
2025-10-26 12:39:48,108 | INFO | app | REQ GET /health params={}
2025-10-26 12:39:48,657 | INFO | app | RESP 200 application/json
2025-10-26 12:39:49,210 | INFO | app | REQ GET /health params={}
2025-10-26 12:39:49,212 | INFO | app | RESP 200 application/json
2025-10-26 12:42:56,100 | INFO | app | REQ GET /health params={}
2025-10-26 12:42:56,102 | INFO | app | RESP 200 application/json
2025-10-26 12:42:59,500 | INFO | app | REQ GET /health params={}
2025-10-26 12:42:59,501 | INFO | app | RESP 200 application/json
2025-10-26 12:43:02,392 | INFO | app | REQ GET /health params={}
2025-10-26 12:43:02,396 | INFO | app | RESP 200 application/json
2025-10-26 12:43:03,948 | INFO | app | REQ GET /health params={}
2025-10-26 12:43:03,950 | INFO | app | RESP 200 application/json
2025-10-26 12:43:15,032 | INFO | app | REQ GET /health params={}
2025-10-26 12:43:15,034 | INFO | app | RESP 200 application/json
2025-10-26 12:43:45,553 | INFO | app | REQ GET /health params={}
2025-10-26 12:43:45,557 | INFO | app | RESP 200 application/json
2025-10-26 12:43:46,321 | INFO | app | REQ GET /health params={}
2025-10-26 12:43:46,323 | INFO | app | RESP 200 application/json
2025-10-26 12:43:55,400 | INFO | app | REQ GET /health params={}
2025-10-26 12:43:55,402 | INFO | app | RESP 200 application/json
2025-10-26 12:43:58,348 | INFO | app | REQ GET /health params={}
2025-10-26 12:43:58,351 | INFO | app | RESP 200 application/json
2025-10-26 12:44:02,414 | INFO | app | REQ GET /api/weather params={'city': 'Gia lai', 't': '1761457442100'}
2025-10-26 12:44:02,419 | INFO | app | REQ GET /api/forecast params={'city': 'Gia lai', 'hours': '5', 't': '1761457442101'}
2025-10-26 12:44:02,836 | INFO | app | RESP 200 application/json
2025-10-26 12:44:02,999 | INFO | app | RESP 200 application/json
2025-10-26 12:44:04,780 | INFO | app | REQ GET /health params={}
2025-10-26 12:44:04,782 | INFO | app | RESP 200 application/json
2025-10-26 12:46:04,821 | INFO | app | REQ GET /health params={}
2025-10-26 12:46:04,822 | INFO | app | RESP 200 application/json
2025-10-26 12:48:03,090 | INFO | app | REQ GET /health params={}
2025-10-26 12:48:03,091 | INFO | app | RESP 200 application/json
2025-10-26 12:49:57,339 | INFO | app | REQ GET /api/weather params={'city': 'Tây ninh', 't': '1761457797018'}
2025-10-26 12:49:57,345 | INFO | app | REQ GET /api/forecast params={'city': 'Tây ninh', 'hours': '5', 't': '1761457797019'}
2025-10-26 12:49:57,907 | INFO | app | RESP 200 application/json
2025-10-26 12:49:58,590 | INFO | app | RESP 200 application/json
2025-10-26 12:50:00,787 | INFO | app | REQ GET /health params={}
2025-10-26 12:50:01,193 | INFO | app | RESP 200 application/json
2025-10-26 12:50:04,059 | INFO | app | REQ GET /api/forecast params={'city': 'Tây ninh', 'hours': '5', 't': '1761457803735'}
2025-10-26 12:50:04,273 | INFO | app | RESP 200 application/json
2025-10-26 12:58:03,814 | INFO | app | REQ GET /health params={}
2025-10-26 12:58:03,822 | INFO | app | REQ GET /api/forecast params={'city': 'Tây ninh', 'hours': '5', 't': '1761458271433'}
2025-10-26 12:58:03,838 | INFO | app | REQ GET /api/weather params={'city': 'Hanoi', 't': '1761458279138'}
2025-10-26 12:58:03,847 | INFO | app | REQ GET /api/forecast params={'city': 'Hanoi', 'hours': '5', 't': '1761458279138'}
2025-10-26 12:58:04,318 | INFO | app | RESP 200 application/json
2025-10-26 12:58:04,318 | INFO | app | RESP 200 application/json
2025-10-26 12:58:04,634 | INFO | app | REQ GET /health params={}
2025-10-26 12:58:04,635 | INFO | app | RESP 200 application/json
2025-10-26 12:58:05,072 | INFO | app | RESP 200 application/json
2025-10-26 12:58:05,107 | INFO | app | RESP 200 application/json
2025-10-26 12:58:12,953 | INFO | app | REQ GET /api/forecast3 params={'city': 'Hanoi', 't': '1761458292613'}
2025-10-26 12:58:15,850 | INFO | app | RESP 200 application/json
2025-10-26 12:58:21,567 | INFO | app | REQ GET /health params={}
2025-10-26 12:58:21,569 | INFO | app | RESP 200 application/json
2025-10-26 12:58:21,580 | INFO | app | REQ GET /api/forecast params={'city': 'Hanoi', 'hours': '5', 't': '1761458301262'}
2025-10-26 12:58:21,866 | INFO | app | RESP 200 application/json
2025-10-26 12:58:38,670 | INFO | app | REQ GET /api/weather params={'city': 'Hà Nội', 't': '1761458318358'}
2025-10-26 12:58:38,672 | INFO | app | REQ GET /api/forecast params={'city': 'Hà Nội', 'hours': '5', 't': '1761458318359'}
2025-10-26 12:58:39,499 | INFO | app | RESP 200 application/json
2025-10-26 12:58:39,786 | INFO | app | RESP 200 application/json
2025-10-26 12:58:42,567 | INFO | app | REQ GET /health params={}
2025-10-26 12:58:42,569 | INFO | app | RESP 200 application/json
2025-10-26 12:58:42,890 | INFO | app | REQ GET /api/forecast params={'city': 'Hà Nội', 'hours': '5', 't': '1761458322581'}
2025-10-26 12:58:43,186 | INFO | app | RESP 200 application/json
2025-10-26 12:58:50,090 | INFO | app | REQ GET /api/weather params={'city': 'Gia Lai', 't': '1761458329780'}
2025-10-26 12:58:50,092 | INFO | app | REQ GET /api/forecast params={'city': 'Gia Lai', 'hours': '5', 't': '1761458329780'}
2025-10-26 12:58:50,493 | INFO | app | RESP 200 application/json
2025-10-26 12:58:51,034 | INFO | app | RESP 200 application/json
2025-10-26 12:58:54,341 | INFO | app | REQ GET /health params={}
2025-10-26 12:58:54,342 | INFO | app | RESP 200 application/json
2025-10-26 12:58:54,675 | INFO | app | REQ GET /api/forecast params={'city': 'Gia Lai', 'hours': '5', 't': '1761458334361'}
2025-10-26 12:58:54,969 | INFO | app | RESP 200 application/json
2025-10-26 12:59:07,256 | INFO | app | REQ GET /health params={}
2025-10-26 12:59:07,258 | INFO | app | RESP 200 application/json
2025-10-26 12:59:08,612 | INFO | app | REQ GET /health params={}
2025-10-26 12:59:08,614 | INFO | app | RESP 200 application/json
2025-10-26 12:59:11,191 | INFO | app | REQ GET /health params={}
2025-10-26 12:59:11,192 | INFO | app | RESP 200 application/json
2025-10-26 12:59:13,319 | INFO | app | REQ GET /health params={}
2025-10-26 12:59:13,321 | INFO | app | RESP 200 application/json
2025-10-26 12:59:15,300 | INFO | app | REQ GET /health params={}
2025-10-26 12:59:15,301 | INFO | app | RESP 200 application/json
2025-10-26 12:59:16,684 | INFO | app | REQ GET /health params={}
2025-10-26 12:59:16,686 | INFO | app | RESP 200 application/json
2025-10-26 12:59:18,763 | INFO | app | REQ GET /health params={}
2025-10-26 12:59:18,765 | INFO | app | RESP 200 application/json
2025-10-26 12:59:19,637 | INFO | app | REQ GET /health params={}
2025-10-26 12:59:19,640 | INFO | app | RESP 200 application/json
2025-10-26 13:02:00,512 | INFO | app | REQ GET /health params={}
2025-10-26 13:02:00,515 | INFO | app | RESP 200 application/json
2025-10-26 13:02:01,756 | INFO | app | REQ GET /health params={}
2025-10-26 13:02:01,756 | INFO | app | RESP 200 application/json
2025-10-26 13:02:05,423 | INFO | app | REQ GET /api/weather params={'city': 'Gia lai', 't': '1761458525106'}
2025-10-26 13:02:05,863 | INFO | app | RESP 200 application/json
2025-10-26 13:02:10,946 | INFO | app | REQ GET /health params={}
2025-10-26 13:02:10,949 | INFO | app | RESP 200 application/json
2025-10-26 13:02:11,614 | INFO | app | REQ GET /health params={}
2025-10-26 13:02:11,616 | INFO | app | RESP 200 application/json
2025-10-26 13:02:12,526 | INFO | app | REQ GET /health params={}
2025-10-26 13:02:12,528 | INFO | app | RESP 200 application/json
2025-10-26 13:04:40,288 | INFO | app | REQ GET /health params={}
2025-10-26 13:04:40,292 | INFO | app | RESP 200 application/json
2025-10-26 13:05:31,898 | INFO | app | REQ GET /health params={}
2025-10-26 13:05:31,900 | INFO | app | RESP 200 application/json
2025-10-26 13:05:33,628 | INFO | app | REQ GET /health params={}
2025-10-26 13:05:33,629 | INFO | app | RESP 200 application/json
2025-10-26 13:07:20,587 | INFO | app | REQ GET /health params={}
2025-10-26 13:07:20,595 | INFO | app | RESP 200 application/json
2025-10-26 13:07:21,674 | INFO | app | REQ GET /health params={}
2025-10-26 13:07:21,677 | INFO | app | RESP 200 application/json
2025-10-26 13:07:22,244 | INFO | app | REQ GET /health params={}
2025-10-26 13:07:22,252 | INFO | app | RESP 200 application/json
2025-10-26 13:07:22,429 | INFO | app | REQ GET /health params={}
2025-10-26 13:07:22,431 | INFO | app | RESP 200 application/json
2025-10-26 13:07:22,586 | INFO | app | REQ GET /health params={}
2025-10-26 13:07:22,592 | INFO | app | RESP 200 application/json
2025-10-26 13:07:22,878 | INFO | app | REQ GET /health params={}
2025-10-26 13:07:22,881 | INFO | app | RESP 200 application/json
2025-10-26 13:07:23,036 | INFO | app | REQ GET /health params={}
2025-10-26 13:07:23,039 | INFO | app | RESP 200 application/json
2025-10-26 13:07:23,246 | INFO | app | REQ GET /health params={}
2025-10-26 13:07:23,247 | INFO | app | RESP 200 application/json
2025-10-26 13:07:23,418 | INFO | app | REQ GET /health params={}
2025-10-26 13:07:23,423 | INFO | app | RESP 200 application/json
2025-10-26 13:07:48,540 | INFO | app | REQ GET /health params={}
2025-10-26 13:07:48,542 | INFO | app | RESP 200 application/json
2025-10-26 13:15:15,431 | INFO | app | REQ GET /health params={}
2025-10-26 13:15:16,038 | INFO | app | RESP 200 application/json
2025-10-26 13:15:17,262 | INFO | app | REQ GET /health params={}
2025-10-26 13:15:17,264 | INFO | app | RESP 200 application/json
2025-10-26 13:15:26,993 | INFO | app | REQ GET /health params={}
2025-10-26 13:15:27,000 | INFO | app | RESP 200 application/json
2025-10-26 13:15:28,809 | INFO | app | REQ GET /api/history params={'city': '', 'limit': '100', 't': '1761459328795'}
2025-10-26 13:15:29,263 | INFO | app | RESP 200 application/json
2025-10-26 13:16:18,375 | INFO | app | REQ GET /health params={}
2025-10-26 13:16:18,382 | INFO | app | RESP 200 application/json
2025-10-26 13:16:18,387 | INFO | app | REQ GET /api/weather params={'city': 'Ho Chi Minh City', 't': '1761459378016'}
2025-10-26 13:16:18,869 | INFO | app | RESP 200 application/json
2025-10-26 13:16:19,472 | INFO | app | REQ GET /health params={}
2025-10-26 13:16:19,475 | INFO | app | RESP 200 application/json
2025-10-26 13:16:19,784 | INFO | app | REQ GET /api/weather params={'city': 'Da Nang', 't': '1761459379465'}
2025-10-26 13:16:20,179 | INFO | app | RESP 200 application/json
2025-10-26 13:16:21,692 | INFO | app | REQ GET /health params={}
2025-10-26 13:16:21,693 | INFO | app | RESP 200 application/json
2025-10-26 13:16:21,699 | INFO | app | REQ GET /api/weather params={'city': 'Hai Phong', 't': '1761459381376'}
2025-10-26 13:16:22,093 | INFO | app | RESP 200 application/json
2025-10-26 13:16:26,393 | INFO | app | REQ GET /api/weather params={'city': 'Gia Lai', 't': '1761459386387'}
2025-10-26 13:16:26,785 | INFO | app | RESP 200 application/json
2025-10-26 13:16:31,702 | INFO | app | REQ GET /api/weather params={'city': 'Tay Ninh', 't': '1761459391382'}
2025-10-26 13:16:32,100 | INFO | app | RESP 200 application/json
2025-10-26 13:16:36,997 | INFO | app | REQ GET /api/weather params={'city': 'Kon Tum', 't': '1761459396682'}
2025-10-26 13:16:37,459 | INFO | app | RESP 200 application/json
2025-10-26 13:16:41,693 | INFO | app | REQ GET /api/weather params={'city': 'Dak Lak', 't': '1761459401687'}
2025-10-26 13:16:42,066 | INFO | app | RESP 200 application/json
2025-10-26 13:16:47,001 | INFO | app | REQ GET /api/weather params={'city': 'Hanoi', 't': '1761459406686'}
2025-10-26 13:16:47,396 | INFO | app | RESP 200 application/json
2025-10-26 13:16:52,004 | INFO | app | REQ GET /api/weather params={'city': 'Ho Chi Minh City', 't': '1761459411689'}
2025-10-26 13:16:52,262 | INFO | app | RESP 200 application/json
2025-10-26 13:16:56,687 | INFO | app | REQ GET /api/weather params={'city': 'Da Nang', 't': '1761459416683'}
2025-10-26 13:16:56,993 | INFO | app | RESP 200 application/json
2025-10-26 13:17:01,993 | INFO | app | REQ GET /api/weather params={'city': 'Hue', 't': '1761459421678'}
2025-10-26 13:17:02,369 | INFO | app | RESP 200 application/json
2025-10-26 13:17:06,690 | INFO | app | REQ GET /api/weather params={'city': 'Can Tho', 't': '1761459426686'}
2025-10-26 13:17:07,080 | INFO | app | RESP 200 application/json
2025-10-26 13:17:11,997 | INFO | app | REQ GET /api/weather params={'city': 'Hai Phong', 't': '1761459431683'}
2025-10-26 13:17:12,253 | INFO | app | RESP 200 application/json
2025-10-26 13:17:16,690 | INFO | app | REQ GET /api/weather params={'city': 'Gia Lai', 't': '1761459436681'}
2025-10-26 13:17:16,928 | INFO | app | RESP 200 application/json
2025-10-26 13:17:22,028 | INFO | app | REQ GET /api/weather params={'city': 'Tay Ninh', 't': '1761459441689'}
2025-10-26 13:17:22,248 | INFO | app | RESP 200 application/json
2025-10-26 13:17:26,395 | INFO | app | REQ GET /api/weather params={'city': 'Kon Tum', 't': '1761459446388'}
2025-10-26 13:17:26,744 | INFO | app | RESP 200 application/json
2025-10-26 13:17:26,982 | INFO | app | REQ GET /health params={}
2025-10-26 13:17:26,986 | INFO | app | REQ GET /api/weather params={'city': 'Hai Phong', 't': '1761459446673'}
2025-10-26 13:17:26,987 | INFO | app | RESP 200 application/json
2025-10-26 13:17:27,290 | INFO | app | RESP 200 application/json
2025-10-26 13:17:31,995 | INFO | app | REQ GET /api/weather params={'city': 'Gia Lai', 't': '1761459451678'}
2025-10-26 13:17:32,249 | INFO | app | RESP 200 application/json
2025-10-26 13:17:36,688 | INFO | app | REQ GET /api/weather params={'city': 'Tay Ninh', 't': '1761459456682'}
2025-10-26 13:17:36,975 | INFO | app | RESP 200 application/json
2025-10-26 13:17:42,046 | INFO | app | REQ GET /api/weather params={'city': 'Kon Tum', 't': '1761459461688'}
2025-10-26 13:17:42,657 | INFO | app | RESP 200 application/json
2025-10-26 13:17:46,687 | INFO | app | REQ GET /api/weather params={'city': 'Dak Lak', 't': '1761459466681'}
2025-10-26 13:17:46,898 | INFO | app | RESP 200 application/json
2025-10-26 13:17:52,004 | INFO | app | REQ GET /api/weather params={'city': 'Hanoi', 't': '1761459471688'}
2025-10-26 13:17:52,260 | INFO | app | RESP 200 application/json
2025-10-26 13:17:56,689 | INFO | app | REQ GET /api/weather params={'city': 'Ho Chi Minh City', 't': '1761459476683'}
2025-10-26 13:17:56,941 | INFO | app | RESP 200 application/json
2025-10-26 13:18:01,995 | INFO | app | REQ GET /api/weather params={'city': 'Da Nang', 't': '1761459481679'}
2025-10-26 13:18:02,208 | INFO | app | RESP 200 application/json
2025-10-26 13:18:06,695 | INFO | app | REQ GET /api/weather params={'city': 'Hue', 't': '1761459486687'}
2025-10-26 13:18:06,923 | INFO | app | RESP 200 application/json
2025-10-26 13:18:11,995 | INFO | app | REQ GET /api/weather params={'city': 'Can Tho', 't': '1761459491678'}
2025-10-26 13:18:12,274 | INFO | app | RESP 200 application/json
2025-10-26 13:18:16,685 | INFO | app | REQ GET /api/weather params={'city': 'Hai Phong', 't': '1761459496680'}
2025-10-26 13:18:16,986 | INFO | app | RESP 200 application/json
2025-10-26 13:18:22,000 | INFO | app | REQ GET /api/weather params={'city': 'Gia Lai', 't': '1761459501687'}
2025-10-26 13:18:22,232 | INFO | app | RESP 200 application/json
2025-10-26 13:18:26,687 | INFO | app | REQ GET /api/weather params={'city': 'Tay Ninh', 't': '1761459506683'}
2025-10-26 13:18:26,880 | INFO | app | RESP 200 application/json
2025-10-26 13:18:32,003 | INFO | app | REQ GET /api/weather params={'city': 'Kon Tum', 't': '1761459511675'}
2025-10-26 13:18:32,280 | INFO | app | RESP 200 application/json
2025-10-26 13:18:36,679 | INFO | app | REQ GET /api/weather params={'city': 'Dak Lak', 't': '1761459516674'}
2025-10-26 13:18:36,902 | INFO | app | RESP 200 application/json
2025-10-26 13:18:42,003 | INFO | app | REQ GET /api/weather params={'city': 'Hanoi', 't': '1761459521688'}
2025-10-26 13:18:42,235 | INFO | app | RESP 200 application/json
2025-10-26 13:18:46,682 | INFO | app | REQ GET /api/weather params={'city': 'Ho Chi Minh City', 't': '1761459526675'}
2025-10-26 13:18:46,868 | INFO | app | RESP 200 application/json
2025-10-26 13:18:51,999 | INFO | app | REQ GET /api/weather params={'city': 'Da Nang', 't': '1761459531683'}
2025-10-26 13:18:52,266 | INFO | app | RESP 200 application/json
2025-10-26 13:18:56,686 | INFO | app | REQ GET /api/weather params={'city': 'Hue', 't': '1761459536680'}
2025-10-26 13:18:56,915 | INFO | app | RESP 200 application/json
2025-10-26 13:19:01,989 | INFO | app | REQ GET /api/weather params={'city': 'Can Tho', 't': '1761459541675'}
2025-10-26 13:19:02,177 | INFO | app | RESP 200 application/json
2025-10-26 13:19:06,679 | INFO | app | REQ GET /api/weather params={'city': 'Hai Phong', 't': '1761459546674'}
2025-10-26 13:19:06,870 | INFO | app | RESP 200 application/json
2025-10-26 13:19:12,010 | INFO | app | REQ GET /api/weather params={'city': 'Gia Lai', 't': '1761459551686'}
2025-10-26 13:19:12,217 | INFO | app | RESP 200 application/json
2025-10-26 13:19:16,693 | INFO | app | REQ GET /api/weather params={'city': 'Tay Ninh', 't': '1761459556689'}
2025-10-26 13:19:16,884 | INFO | app | RESP 200 application/json
2025-10-26 13:19:21,999 | INFO | app | REQ GET /api/weather params={'city': 'Kon Tum', 't': '1761459561687'}
2025-10-26 13:19:22,220 | INFO | app | RESP 200 application/json
2025-10-26 13:19:26,684 | INFO | app | REQ GET /api/weather params={'city': 'Dak Lak', 't': '1761459566679'}
2025-10-26 13:19:26,876 | INFO | app | RESP 200 application/json
2025-10-26 13:19:32,005 | INFO | app | REQ GET /api/weather params={'city': 'Hanoi', 't': '1761459571689'}
2025-10-26 13:19:32,238 | INFO | app | RESP 200 application/json
2025-10-26 13:19:36,698 | INFO | app | REQ GET /api/weather params={'city': 'Ho Chi Minh City', 't': '1761459576689'}
2025-10-26 13:19:37,079 | INFO | app | RESP 200 application/json
2025-10-26 13:19:43,167 | INFO | app | REQ GET /api/weather params={'city': 'Da Nang', 't': '1761459582833'}
2025-10-26 13:19:43,932 | INFO | app | RESP 200 application/json
2025-10-26 13:19:46,690 | INFO | app | REQ GET /api/weather params={'city': 'Hue', 't': '1761459586683'}
2025-10-26 13:19:46,952 | INFO | app | RESP 200 application/json
2025-10-26 13:19:52,003 | INFO | app | REQ GET /api/weather params={'city': 'Can Tho', 't': '1761459591686'}
2025-10-26 13:19:52,254 | INFO | app | REQ GET /health params={}
2025-10-26 13:19:52,256 | INFO | app | RESP 200 application/json
2025-10-26 13:19:52,300 | INFO | app | RESP 200 application/json
2025-10-26 13:19:52,577 | INFO | app | REQ GET /api/weather params={'city': 'Da Nang', 't': '1761459592248'}
2025-10-26 13:19:52,783 | INFO | app | RESP 200 application/json
2025-10-26 13:19:57,998 | INFO | app | REQ GET /api/weather params={'city': 'Hue', 't': '1761459597686'}
2025-10-26 13:19:58,266 | INFO | app | RESP 200 application/json
2025-10-26 13:20:02,696 | INFO | app | REQ GET /api/weather params={'city': 'Can Tho', 't': '1761459602377'}
2025-10-26 13:20:02,933 | INFO | app | RESP 200 application/json
2025-10-26 13:20:03,239 | INFO | app | REQ GET /health params={}
2025-10-26 13:20:03,242 | INFO | app | RESP 200 application/json
2025-10-26 13:20:03,549 | INFO | app | REQ GET /api/weather params={'city': 'Dak Lak', 't': '1761459603232'}
2025-10-26 13:20:03,934 | INFO | app | RESP 200 application/json
2025-10-26 13:20:09,006 | INFO | app | REQ GET /api/weather params={'city': 'Hanoi', 't': '1761459608689'}
2025-10-26 13:20:09,386 | INFO | app | RESP 200 application/json
2025-10-26 13:20:13,992 | INFO | app | REQ GET /api/weather params={'city': 'Ho Chi Minh City', 't': '1761459613679'}
2025-10-26 13:20:14,224 | INFO | app | RESP 200 application/json
2025-10-26 13:20:15,318 | INFO | app | REQ GET /health params={}
2025-10-26 13:20:15,319 | INFO | app | RESP 200 application/json
2025-10-26 13:20:15,627 | INFO | app | REQ GET /api/weather params={'city': 'Can Tho', 't': '1761459615310'}
2025-10-26 13:20:16,003 | INFO | app | RESP 200 application/json
2025-10-26 13:20:20,995 | INFO | app | REQ GET /api/weather params={'city': 'Hai Phong', 't': '1761459620679'}
2025-10-26 13:20:21,374 | INFO | app | RESP 200 application/json
2025-10-26 13:20:25,684 | INFO | app | REQ GET /api/weather params={'city': 'Gia Lai', 't': '1761459625677'}
2025-10-26 13:20:26,067 | INFO | app | RESP 200 application/json
2025-10-26 13:20:30,999 | INFO | app | REQ GET /api/weather params={'city': 'Tay Ninh', 't': '1761459630688'}
2025-10-26 13:20:31,453 | INFO | app | RESP 200 application/json
2025-10-26 13:20:35,331 | INFO | app | REQ GET /api/weather params={'city': 'Kon Tum', 't': '1761459635327'}
2025-10-26 13:20:35,766 | INFO | app | RESP 200 application/json
2025-10-26 13:20:36,131 | INFO | app | REQ GET /health params={}
2025-10-26 13:20:36,132 | INFO | app | RESP 200 application/json
2025-10-26 13:20:36,134 | INFO | app | REQ GET /api/weather params={'city': 'Tay Ninh', 't': '1761459635805'}
2025-10-26 13:20:36,401 | INFO | app | RESP 200 application/json
2025-10-26 13:20:41,692 | INFO | app | REQ GET /api/weather params={'city': 'Kon Tum', 't': '1761459641686'}
2025-10-26 13:20:41,915 | INFO | app | RESP 200 application/json
2025-10-26 13:20:47,001 | INFO | app | REQ GET /api/weather params={'city': 'Dak Lak', 't': '1761459646683'}
2025-10-26 13:20:47,224 | INFO | app | RESP 200 application/json
2025-10-26 13:20:49,064 | INFO | app | REQ GET /health params={}
2025-10-26 13:20:49,066 | INFO | app | RESP 200 application/json
2025-10-26 13:20:49,385 | INFO | app | REQ GET /api/weather params={'city': 'Tay Ninh', 't': '1761459649059'}
2025-10-26 13:20:49,589 | INFO | app | RESP 200 application/json
2025-10-26 13:20:55,002 | INFO | app | REQ GET /api/weather params={'city': 'Kon Tum', 't': '1761459654690'}
2025-10-26 13:20:55,200 | INFO | app | RESP 200 application/json
2025-10-26 13:20:59,685 | INFO | app | REQ GET /api/weather params={'city': 'Dak Lak', 't': '1761459659680'}
2025-10-26 13:20:59,897 | INFO | app | RESP 200 application/json
2025-10-26 13:21:04,994 | INFO | app | REQ GET /api/weather params={'city': 'Hanoi', 't': '1761459664681'}
2025-10-26 13:21:05,185 | INFO | app | RESP 200 application/json
2025-10-26 13:21:09,565 | INFO | app | REQ GET /api/weather params={'city': 'Ho Chi Minh City', 't': '1761459669551'}
2025-10-26 13:21:09,856 | INFO | app | RESP 200 application/json
2025-10-26 13:21:11,088 | INFO | app | REQ GET /health params={}
2025-10-26 13:21:11,091 | INFO | app | REQ GET /api/weather params={'city': 'Tay Ninh', 't': '1761459670779'}
2025-10-26 13:21:11,092 | INFO | app | RESP 200 application/json
2025-10-26 13:21:11,349 | INFO | app | RESP 200 application/json
2025-10-26 13:21:16,683 | INFO | app | REQ GET /api/weather params={'city': 'Kon Tum', 't': '1761459676679'}
2025-10-26 13:21:16,988 | INFO | app | RESP 200 application/json
2025-10-26 13:21:21,999 | INFO | app | REQ GET /api/weather params={'city': 'Dak Lak', 't': '1761459681686'}
2025-10-26 13:21:22,222 | INFO | app | RESP 200 application/json
2025-10-26 13:21:26,687 | INFO | app | REQ GET /api/weather params={'city': 'Hanoi', 't': '1761459686682'}
2025-10-26 13:21:26,915 | INFO | app | RESP 200 application/json
2025-10-26 13:21:31,993 | INFO | app | REQ GET /api/weather params={'city': 'Ho Chi Minh City', 't': '1761459691678'}
2025-10-26 13:21:32,220 | INFO | app | RESP 200 application/json
2025-10-26 13:21:36,685 | INFO | app | REQ GET /api/weather params={'city': 'Da Nang', 't': '1761459696679'}
2025-10-26 13:21:36,900 | INFO | app | RESP 200 application/json
2025-10-26 13:21:42,080 | INFO | app | REQ GET /api/weather params={'city': 'Hue', 't': '1761459701687'}
2025-10-26 13:21:42,476 | INFO | app | RESP 200 application/json
2025-10-26 13:21:46,678 | INFO | app | REQ GET /api/weather params={'city': 'Can Tho', 't': '1761459706674'}
2025-10-26 13:21:46,957 | INFO | app | RESP 200 application/json
2025-10-26 13:21:51,993 | INFO | app | REQ GET /api/weather params={'city': 'Hai Phong', 't': '1761459711681'}
2025-10-26 13:21:52,188 | INFO | app | RESP 200 application/json
2025-10-26 13:21:56,687 | INFO | app | REQ GET /api/weather params={'city': 'Gia Lai', 't': '1761459716679'}
2025-10-26 13:21:56,940 | INFO | app | RESP 200 application/json
2025-10-26 13:22:01,997 | INFO | app | REQ GET /api/weather params={'city': 'Tay Ninh', 't': '1761459721687'}
2025-10-26 13:22:02,202 | INFO | app | RESP 200 application/json
2025-10-26 13:22:06,996 | INFO | app | REQ GET /api/weather params={'city': 'Kon Tum', 't': '1761459726679'}
2025-10-26 13:22:07,208 | INFO | app | RESP 200 application/json
2025-10-26 13:22:11,682 | INFO | app | REQ GET /api/weather params={'city': 'Dak Lak', 't': '1761459731677'}
2025-10-26 13:22:11,876 | INFO | app | RESP 200 application/json
2025-10-26 13:22:19,997 | INFO | app | REQ GET /api/weather params={'city': 'Hanoi', 't': '1761459739683'}
2025-10-26 13:22:20,265 | INFO | app | RESP 200 application/json
2025-10-26 13:22:32,026 | INFO | app | REQ GET /api/weather params={'city': 'Ho Chi Minh City', 't': '1761459752021'}
2025-10-26 13:22:32,277 | INFO | app | RESP 200 application/json
2025-10-26 13:22:32,753 | INFO | app | REQ GET /health params={}
2025-10-26 13:22:32,756 | INFO | app | REQ GET /api/weather params={'city': 'Kon Tum', 't': '1761459752432'}
2025-10-26 13:22:32,757 | INFO | app | RESP 200 application/json
2025-10-26 13:22:32,985 | INFO | app | RESP 200 application/json
2025-10-26 13:22:38,001 | INFO | app | REQ GET /api/weather params={'city': 'Dak Lak', 't': '1761459757687'}
2025-10-26 13:22:38,213 | INFO | app | RESP 200 application/json
2025-10-26 13:22:42,686 | INFO | app | REQ GET /api/weather params={'city': 'Hanoi', 't': '1761459762679'}
2025-10-26 13:22:42,883 | INFO | app | RESP 200 application/json
2025-10-26 13:22:46,379 | INFO | app | REQ GET /health params={}
2025-10-26 13:22:46,383 | INFO | app | REQ GET /api/weather params={'city': 'Kon Tum', 't': '1761459766058'}
2025-10-26 13:22:46,384 | INFO | app | RESP 200 application/json
2025-10-26 13:22:46,645 | INFO | app | RESP 200 application/json
2025-10-26 13:22:47,398 | INFO | app | REQ GET /health params={}
2025-10-26 13:22:47,401 | INFO | app | RESP 200 application/json
2025-10-26 13:22:47,714 | INFO | app | REQ GET /api/weather params={'city': 'Gia Lai', 't': '1761459767395'}
2025-10-26 13:22:47,923 | INFO | app | RESP 200 application/json
2025-10-26 13:22:52,990 | INFO | app | REQ GET /api/weather params={'city': 'Tay Ninh', 't': '1761459772675'}
2025-10-26 13:22:53,241 | INFO | app | RESP 200 application/json
2025-10-26 13:22:58,000 | INFO | app | REQ GET /api/weather params={'city': 'Kon Tum', 't': '1761459777678'}
2025-10-26 13:22:58,224 | INFO | app | RESP 200 application/json
2025-10-26 13:23:00,956 | INFO | app | REQ GET /health params={}
2025-10-26 13:23:00,957 | INFO | app | RESP 200 application/json
2025-10-26 13:23:01,271 | INFO | app | REQ GET /api/weather params={'city': 'Da Nang', 't': '1761459780951'}
2025-10-26 13:23:01,689 | INFO | app | RESP 200 application/json
2025-10-26 13:23:06,997 | INFO | app | REQ GET /api/weather params={'city': 'Hue', 't': '1761459786685'}
2025-10-26 13:23:07,306 | INFO | app | RESP 200 application/json
2025-10-26 13:23:11,686 | INFO | app | REQ GET /api/weather params={'city': 'Can Tho', 't': '1761459791681'}
2025-10-26 13:23:11,904 | INFO | app | RESP 200 application/json
2025-10-26 13:23:16,998 | INFO | app | REQ GET /api/weather params={'city': 'Hai Phong', 't': '1761459796682'}
2025-10-26 13:23:17,218 | INFO | app | RESP 200 application/json
2025-10-26 13:23:21,689 | INFO | app | REQ GET /api/weather params={'city': 'Gia Lai', 't': '1761459801683'}
2025-10-26 13:23:21,897 | INFO | app | RESP 200 application/json
2025-10-26 13:23:27,000 | INFO | app | REQ GET /api/weather params={'city': 'Tay Ninh', 't': '1761459806682'}
2025-10-26 13:23:27,208 | INFO | app | RESP 200 application/json
2025-10-26 13:23:27,645 | INFO | app | REQ GET /health params={}
2025-10-26 13:23:27,646 | INFO | app | RESP 200 application/json
2025-10-26 13:23:27,963 | INFO | app | REQ GET /api/weather params={'city': 'Kon Tum', 't': '1761459807643'}
2025-10-26 13:23:28,157 | INFO | app | RESP 200 application/json
2025-10-26 13:23:32,992 | INFO | app | REQ GET /api/weather params={'city': 'Dak Lak', 't': '1761459812677'}
2025-10-26 13:23:33,428 | INFO | app | RESP 200 application/json
2025-10-26 13:23:37,653 | INFO | app | REQ GET /api/weather params={'city': 'Hanoi', 't': '1761459817646'}
2025-10-26 13:23:38,070 | INFO | app | RESP 200 application/json
2025-10-26 13:23:38,542 | INFO | app | REQ GET /health params={}
2025-10-26 13:23:38,544 | INFO | app | RESP 200 application/json
2025-10-26 13:23:38,546 | INFO | app | REQ GET /api/weather params={'city': 'Ho Chi Minh City', 't': '1761459818227'}
2025-10-26 13:23:38,928 | INFO | app | RESP 200 application/json
2025-10-26 13:23:43,691 | INFO | app | REQ GET /api/weather params={'city': 'Da Nang', 't': '1761459823687'}
2025-10-26 13:23:43,928 | INFO | app | RESP 200 application/json
2025-10-26 13:23:49,000 | INFO | app | REQ GET /api/weather params={'city': 'Hue', 't': '1761459828684'}
2025-10-26 13:23:49,431 | INFO | app | RESP 200 application/json
2025-10-26 13:23:53,687 | INFO | app | REQ GET /api/weather params={'city': 'Can Tho', 't': '1761459833681'}
2025-10-26 13:23:54,057 | INFO | app | RESP 200 application/json
2025-10-26 13:23:58,992 | INFO | app | REQ GET /api/weather params={'city': 'Hai Phong', 't': '1761459838677'}
2025-10-26 13:23:59,400 | INFO | app | RESP 200 application/json
2025-10-26 13:24:03,691 | INFO | app | REQ GET /api/weather params={'city': 'Gia Lai', 't': '1761459843685'}
2025-10-26 13:24:04,078 | INFO | app | RESP 200 application/json
2025-10-26 13:24:06,526 | INFO | app | REQ GET /health params={}
2025-10-26 13:24:06,529 | INFO | app | REQ GET /api/weather params={'city': 'Da Nang', 't': '1761459846212'}
2025-10-26 13:24:06,530 | INFO | app | RESP 200 application/json
2025-10-26 13:24:06,753 | INFO | app | RESP 200 application/json
2025-10-26 13:24:07,494 | INFO | app | REQ GET /health params={}
2025-10-26 13:24:07,495 | INFO | app | RESP 200 application/json
2025-10-26 13:24:07,807 | INFO | app | REQ GET /api/weather params={'city': 'Gia Lai', 't': '1761459847488'}
2025-10-26 13:24:08,023 | INFO | app | RESP 200 application/json
2025-10-26 13:24:12,992 | INFO | app | REQ GET /api/weather params={'city': 'Tay Ninh', 't': '1761459852677'}
2025-10-26 13:24:13,377 | INFO | app | RESP 200 application/json
2025-10-26 13:24:13,861 | INFO | app | REQ GET /health params={}
2025-10-26 13:24:13,863 | INFO | app | RESP 200 application/json
2025-10-26 13:24:14,167 | INFO | app | REQ GET /api/weather params={'city': 'Ho Chi Minh City', 't': '1761459853853'}
2025-10-26 13:24:14,398 | INFO | app | RESP 200 application/json
2025-10-26 13:24:20,004 | INFO | app | REQ GET /api/weather params={'city': 'Da Nang', 't': '1761459859688'}
2025-10-26 13:24:20,232 | INFO | app | RESP 200 application/json
2025-10-26 13:24:21,282 | INFO | app | REQ GET /health params={}
2025-10-26 13:24:21,282 | INFO | app | RESP 200 application/json
2025-10-26 13:24:21,601 | INFO | app | REQ GET /api/weather params={'city': 'Hue', 't': '1761459861276'}
2025-10-26 13:24:21,813 | INFO | app | RESP 200 application/json
2025-10-26 13:24:27,003 | INFO | app | REQ GET /api/weather params={'city': 'Can Tho', 't': '1761459866689'}
2025-10-26 13:24:27,208 | INFO | app | RESP 200 application/json
2025-10-26 13:24:31,687 | INFO | app | REQ GET /api/weather params={'city': 'Hai Phong', 't': '1761459871681'}
2025-10-26 13:24:31,880 | INFO | app | RESP 200 application/json
2025-10-26 13:24:36,997 | INFO | app | REQ GET /api/weather params={'city': 'Gia Lai', 't': '1761459876679'}
2025-10-26 13:24:37,264 | INFO | app | RESP 200 application/json
2025-10-26 13:24:41,692 | INFO | app | REQ GET /api/weather params={'city': 'Tay Ninh', 't': '1761459881686'}
2025-10-26 13:24:41,894 | INFO | app | RESP 200 application/json
2025-10-26 13:24:46,605 | INFO | app | REQ GET /api/weather params={'city': 'Kon Tum', 't': '1761459886287'}
2025-10-26 13:24:47,001 | INFO | app | RESP 200 application/json
2025-10-26 13:24:51,283 | INFO | app | REQ GET /api/weather params={'city': 'Dak Lak', 't': '1761459891278'}
2025-10-26 13:24:51,511 | INFO | app | RESP 200 application/json
2025-10-26 13:24:56,999 | INFO | app | REQ GET /api/weather params={'city': 'Hanoi', 't': '1761459896682'}
2025-10-26 13:24:57,203 | INFO | app | RESP 200 application/json
2025-10-26 13:25:01,691 | INFO | app | REQ GET /api/weather params={'city': 'Ho Chi Minh City', 't': '1761459901682'}
2025-10-26 13:25:01,924 | INFO | app | RESP 200 application/json
2025-10-26 13:25:06,989 | INFO | app | REQ GET /api/weather params={'city': 'Da Nang', 't': '1761459906676'}
2025-10-26 13:25:07,189 | INFO | app | RESP 200 application/json
2025-10-26 13:25:10,072 | INFO | app | REQ GET /health params={}
2025-10-26 13:25:10,074 | INFO | app | RESP 200 application/json
2025-10-26 13:25:10,383 | INFO | app | REQ GET /api/weather params={'city': 'Can Tho', 't': '1761459910069'}
2025-10-26 13:25:10,620 | INFO | app | RESP 200 application/json
2025-10-26 13:25:15,893 | INFO | app | REQ GET /api/weather params={'city': 'Hai Phong', 't': '1761459915569'}
2025-10-26 13:25:16,159 | INFO | app | REQ GET /health params={}
2025-10-26 13:25:16,178 | INFO | app | RESP 200 application/json
2025-10-26 13:25:16,314 | INFO | app | REQ GET /api/weather params={'city': 'Can Tho', 't': '1761459916000'}
2025-10-26 13:25:16,536 | INFO | app | RESP 200 application/json
2025-10-26 13:25:16,552 | INFO | app | RESP 200 application/json
2025-10-26 13:25:21,685 | INFO | app | REQ GET /api/weather params={'city': 'Hai Phong', 't': '1761459921677'}
2025-10-26 13:25:21,941 | INFO | app | RESP 200 application/json
2025-10-26 13:25:27,001 | INFO | app | REQ GET /api/weather params={'city': 'Gia Lai', 't': '1761459926691'}
2025-10-26 13:25:27,270 | INFO | app | RESP 200 application/json
2025-10-26 13:25:31,684 | INFO | app | REQ GET /api/weather params={'city': 'Tay Ninh', 't': '1761459931678'}
2025-10-26 13:25:31,993 | INFO | app | RESP 200 application/json
2025-10-26 13:25:36,999 | INFO | app | REQ GET /api/weather params={'city': 'Kon Tum', 't': '1761459936684'}
2025-10-26 13:25:37,230 | INFO | app | RESP 200 application/json
2025-10-26 13:25:41,689 | INFO | app | REQ GET /api/weather params={'city': 'Dak Lak', 't': '1761459941682'}
2025-10-26 13:25:41,879 | INFO | app | RESP 200 application/json
2025-10-26 13:25:47,005 | INFO | app | REQ GET /api/weather params={'city': 'Hanoi', 't': '1761459946688'}
2025-10-26 13:25:47,237 | INFO | app | RESP 200 application/json
2025-10-26 13:25:51,694 | INFO | app | REQ GET /api/weather params={'city': 'Ho Chi Minh City', 't': '1761459951689'}
2025-10-26 13:25:51,904 | INFO | app | RESP 200 application/json
2025-10-26 13:25:56,994 | INFO | app | REQ GET /api/weather params={'city': 'Da Nang', 't': '1761459956678'}
2025-10-26 13:25:57,203 | INFO | app | RESP 200 application/json
2025-10-26 13:26:01,682 | INFO | app | REQ GET /api/weather params={'city': 'Hue', 't': '1761459961679'}
2025-10-26 13:26:02,041 | INFO | app | RESP 200 application/json
2025-10-26 13:26:07,002 | INFO | app | REQ GET /api/weather params={'city': 'Can Tho', 't': '1761459966683'}
2025-10-26 13:26:07,324 | INFO | app | RESP 200 application/json
2025-10-26 13:26:12,002 | INFO | app | REQ GET /api/weather params={'city': 'Hai Phong', 't': '1761459971687'}
2025-10-26 13:26:12,325 | INFO | app | RESP 200 application/json
2025-10-26 13:26:16,681 | INFO | app | REQ GET /api/weather params={'city': 'Gia Lai', 't': '1761459976675'}
2025-10-26 13:26:16,898 | INFO | app | RESP 200 application/json
2025-10-26 13:26:48,885 | INFO | app | REQ GET /api/weather params={'city': 'Tay Ninh', 't': '1761460008564'}
2025-10-26 13:26:49,152 | INFO | app | RESP 200 application/json
2025-10-26 13:26:49,311 | INFO | app | REQ GET /health params={}
2025-10-26 13:26:49,312 | INFO | app | RESP 200 application/json
2025-10-26 13:26:49,619 | INFO | app | REQ GET /api/weather params={'city': 'Hai Phong', 't': '1761460009307'}
2025-10-26 13:26:49,849 | INFO | app | RESP 200 application/json
2025-10-26 13:26:55,002 | INFO | app | REQ GET /api/weather params={'city': 'Gia Lai', 't': '1761460014684'}
2025-10-26 13:26:55,247 | INFO | app | RESP 200 application/json
2025-10-26 13:26:59,695 | INFO | app | REQ GET /api/weather params={'city': 'Tay Ninh', 't': '1761460019689'}
2025-10-26 13:26:59,906 | INFO | app | RESP 200 application/json
2025-10-26 13:27:01,187 | INFO | app | REQ GET /health params={}
2025-10-26 13:27:01,190 | INFO | app | RESP 200 application/json
2025-10-26 13:27:01,192 | INFO | app | REQ GET /api/weather params={'city': 'Da Nang', 't': '1761460020860'}
2025-10-26 13:27:01,592 | INFO | app | RESP 200 application/json
2025-10-26 13:27:06,694 | INFO | app | REQ GET /api/weather params={'city': 'Hue', 't': '1761460026687'}
2025-10-26 13:27:06,872 | INFO | app | RESP 200 application/json
2025-10-26 13:27:11,184 | INFO | app | REQ GET /api/weather params={'city': 'Can Tho', 't': '1761460030874'}
2025-10-26 13:27:11,457 | INFO | app | REQ GET /health params={}
2025-10-26 13:27:11,461 | INFO | app | RESP 200 application/json
2025-10-26 13:27:11,537 | INFO | app | REQ GET /api/weather params={'city': 'Kon Tum', 't': '1761460031211'}
2025-10-26 13:27:11,553 | INFO | app | RESP 200 application/json
2025-10-26 13:27:11,766 | INFO | app | RESP 200 application/json
2025-10-26 13:27:12,480 | INFO | app | REQ GET /health params={}
2025-10-26 13:27:12,481 | INFO | app | RESP 200 application/json
2025-10-26 13:27:12,797 | INFO | app | REQ GET /api/weather params={'city': 'Tay Ninh', 't': '1761460032476'}
2025-10-26 13:27:13,016 | INFO | app | RESP 200 application/json
2025-10-26 13:27:14,574 | INFO | app | REQ GET /health params={}
2025-10-26 13:27:14,577 | INFO | app | RESP 200 application/json
2025-10-26 13:27:14,579 | INFO | app | REQ GET /api/weather params={'city': 'Gia Lai', 't': '1761460034261'}
2025-10-26 13:27:14,986 | INFO | app | RESP 200 application/json
2025-10-26 13:27:19,689 | INFO | app | REQ GET /api/weather params={'city': 'Tay Ninh', 't': '1761460039684'}
2025-10-26 13:27:20,056 | INFO | app | RESP 200 application/json
2025-10-26 13:27:23,257 | INFO | app | REQ GET /health params={}
2025-10-26 13:27:23,260 | INFO | app | REQ GET /api/weather params={'city': 'Hue', 't': '1761460042938'}
2025-10-26 13:27:23,261 | INFO | app | RESP 200 application/json
2025-10-26 13:27:23,480 | INFO | app | RESP 200 application/json
2025-10-26 13:27:29,005 | INFO | app | REQ GET /api/weather params={'city': 'Can Tho', 't': '1761460048689'}
2025-10-26 13:27:29,245 | INFO | app | RESP 200 application/json
2025-10-26 13:27:33,684 | INFO | app | REQ GET /api/weather params={'city': 'Hai Phong', 't': '1761460053679'}
2025-10-26 13:27:34,124 | INFO | app | RESP 200 application/json
2025-10-26 13:27:38,994 | INFO | app | REQ GET /api/weather params={'city': 'Gia Lai', 't': '1761460058678'}
2025-10-26 13:27:39,205 | INFO | app | RESP 200 application/json
2025-10-26 13:27:43,689 | INFO | app | REQ GET /api/weather params={'city': 'Tay Ninh', 't': '1761460063683'}
2025-10-26 13:27:43,923 | INFO | app | RESP 200 application/json
2025-10-26 13:27:49,001 | INFO | app | REQ GET /api/weather params={'city': 'Kon Tum', 't': '1761460068683'}
2025-10-26 13:27:49,411 | INFO | app | RESP 200 application/json
2025-10-26 13:27:53,687 | INFO | app | REQ GET /api/weather params={'city': 'Dak Lak', 't': '1761460073681'}
2025-10-26 13:27:54,056 | INFO | app | RESP 200 application/json
2025-10-26 13:27:59,006 | INFO | app | REQ GET /api/weather params={'city': 'Hanoi', 't': '1761460078689'}
2025-10-26 13:27:59,432 | INFO | app | RESP 200 application/json
2025-10-26 13:28:03,679 | INFO | app | REQ GET /api/weather params={'city': 'Ho Chi Minh City', 't': '1761460083676'}
2025-10-26 13:28:04,042 | INFO | app | RESP 200 application/json
2025-10-26 13:28:07,100 | INFO | app | REQ GET /health params={}
2025-10-26 13:28:07,103 | INFO | app | RESP 200 application/json
2025-10-26 13:28:07,105 | INFO | app | REQ GET /api/weather params={'city': 'Gia Lai', 't': '1761460086783'}
2025-10-26 13:28:07,307 | INFO | app | RESP 200 application/json
2025-10-26 13:28:11,803 | INFO | app | REQ GET /api/weather params={'city': 'Tay Ninh', 't': '1761460091797'}
2025-10-26 13:28:12,097 | INFO | app | RESP 200 application/json
2025-10-26 13:28:18,003 | INFO | app | REQ GET /api/weather params={'city': 'Kon Tum', 't': '1761460097689'}
2025-10-26 13:28:18,261 | INFO | app | RESP 200 application/json
2025-10-26 13:28:22,682 | INFO | app | REQ GET /api/weather params={'city': 'Dak Lak', 't': '1761460102677'}
2025-10-26 13:28:22,956 | INFO | app | RESP 200 application/json
2025-10-26 13:28:27,998 | INFO | app | REQ GET /api/weather params={'city': 'Hanoi', 't': '1761460107683'}
2025-10-26 13:28:28,234 | INFO | app | RESP 200 application/json
2025-10-26 13:28:32,682 | INFO | app | REQ GET /api/weather params={'city': 'Ho Chi Minh City', 't': '1761460112678'}
2025-10-26 13:28:32,895 | INFO | app | RESP 200 application/json
2025-10-26 13:28:38,001 | INFO | app | REQ GET /api/weather params={'city': 'Da Nang', 't': '1761460117687'}
2025-10-26 13:28:38,249 | INFO | app | RESP 200 application/json
2025-10-26 13:28:42,690 | INFO | app | REQ GET /api/weather params={'city': 'Hue', 't': '1761460122684'}
2025-10-26 13:28:42,931 | INFO | app | RESP 200 application/json
2025-10-26 13:28:48,000 | INFO | app | REQ GET /api/weather params={'city': 'Can Tho', 't': '1761460127686'}
2025-10-26 13:28:48,246 | INFO | app | RESP 200 application/json
2025-10-26 13:28:52,697 | INFO | app | REQ GET /api/weather params={'city': 'Hai Phong', 't': '1761460132688'}
2025-10-26 13:28:52,958 | INFO | app | RESP 200 application/json
2025-10-26 13:28:58,013 | INFO | app | REQ GET /api/weather params={'city': 'Gia Lai', 't': '1761460137679'}
2025-10-26 13:28:58,230 | INFO | app | RESP 200 application/json
2025-10-26 13:29:02,688 | INFO | app | REQ GET /api/weather params={'city': 'Tay Ninh', 't': '1761460142680'}
2025-10-26 13:29:02,934 | INFO | app | RESP 200 application/json
2025-10-26 13:29:07,996 | INFO | app | REQ GET /api/weather params={'city': 'Kon Tum', 't': '1761460147675'}
2025-10-26 13:29:08,271 | INFO | app | RESP 200 application/json
2025-10-26 13:29:19,995 | INFO | app | REQ GET /api/weather params={'city': 'Dak Lak', 't': '1761460159679'}
2025-10-26 13:29:20,314 | INFO | app | RESP 200 application/json
2025-10-26 13:29:21,791 | INFO | app | REQ GET /api/weather params={'city': 'Hanoi', 't': '1761460161786'}
2025-10-26 13:29:21,991 | INFO | app | RESP 200 application/json
2025-10-26 13:29:27,993 | INFO | app | REQ GET /api/weather params={'city': 'Ho Chi Minh City', 't': '1761460167677'}
2025-10-26 13:29:28,231 | INFO | app | RESP 200 application/json
2025-10-26 13:29:31,800 | INFO | app | REQ GET /api/weather params={'city': 'Da Nang', 't': '1761460171793'}
2025-10-26 13:29:32,056 | INFO | app | RESP 200 application/json
2025-10-26 13:29:38,000 | INFO | app | REQ GET /api/weather params={'city': 'Hue', 't': '1761460177681'}
2025-10-26 13:29:38,378 | INFO | app | RESP 200 application/json
2025-10-26 13:29:42,687 | INFO | app | REQ GET /api/weather params={'city': 'Can Tho', 't': '1761460182682'}
2025-10-26 13:29:42,869 | INFO | app | RESP 200 application/json
2025-10-26 13:29:47,993 | INFO | app | REQ GET /api/weather params={'city': 'Hai Phong', 't': '1761460187679'}
2025-10-26 13:29:48,202 | INFO | app | RESP 200 application/json
2025-10-26 13:29:49,962 | INFO | app | REQ GET /health params={}
2025-10-26 13:29:49,964 | INFO | app | RESP 200 application/json
2025-10-26 13:29:50,269 | INFO | app | REQ GET /api/weather params={'city': 'Can Tho', 't': '1761460189960'}
2025-10-26 13:29:50,480 | INFO | app | RESP 200 application/json
2025-10-26 13:29:55,992 | INFO | app | REQ GET /api/weather params={'city': 'Hai Phong', 't': '1761460195679'}
2025-10-26 13:29:56,329 | INFO | app | RESP 200 application/json
2025-10-26 13:29:59,974 | INFO | app | REQ GET /api/weather params={'city': 'Gia Lai', 't': '1761460199969'}
2025-10-26 13:30:00,194 | INFO | app | RESP 200 application/json
2025-10-26 13:30:01,093 | INFO | app | REQ GET /health params={}
2025-10-26 13:30:01,095 | INFO | app | REQ GET /api/weather params={'city': 'Ho Chi Minh City', 't': '1761460200782'}
2025-10-26 13:30:01,097 | INFO | app | RESP 200 application/json
2025-10-26 13:30:01,325 | INFO | app | RESP 200 application/json
2025-10-26 13:30:06,995 | INFO | app | REQ GET /api/weather params={'city': 'Da Nang', 't': '1761460206685'}
2025-10-26 13:30:07,366 | INFO | app | RESP 200 application/json
2025-10-26 13:30:10,689 | INFO | app | REQ GET /health params={}
2025-10-26 13:30:10,691 | INFO | app | RESP 200 application/json
2025-10-26 13:30:10,996 | INFO | app | REQ GET /api/weather params={'city': 'Can Tho', 't': '1761460210682'}
2025-10-26 13:30:11,185 | INFO | app | RESP 200 application/json
2025-10-26 13:30:16,001 | INFO | app | REQ GET /api/weather params={'city': 'Hai Phong', 't': '1761460215688'}
2025-10-26 13:30:16,231 | INFO | app | RESP 200 application/json
2025-10-26 13:30:20,409 | INFO | app | REQ GET /health params={}
2025-10-26 13:30:20,412 | INFO | app | RESP 200 application/json
2025-10-26 13:30:20,718 | INFO | app | REQ GET /api/weather params={'city': 'Hanoi', 't': '1761460220402'}
2025-10-26 13:30:20,920 | INFO | app | RESP 200 application/json
2025-10-26 13:30:25,991 | INFO | app | REQ GET /api/weather params={'city': 'Ho Chi Minh City', 't': '1761460225678'}
2025-10-26 13:30:26,224 | INFO | app | RESP 200 application/json
2025-10-26 13:30:30,405 | INFO | app | REQ GET /api/weather params={'city': 'Da Nang', 't': '1761460230403'}
2025-10-26 13:30:30,620 | INFO | app | RESP 200 application/json
2025-10-26 13:30:32,661 | INFO | app | REQ GET /health params={}
2025-10-26 13:30:32,665 | INFO | app | REQ GET /api/weather params={'city': 'Can Tho', 't': '1761460232347'}
2025-10-26 13:30:32,665 | INFO | app | RESP 200 application/json
2025-10-26 13:30:33,072 | INFO | app | RESP 200 application/json
2025-10-26 13:30:37,689 | INFO | app | REQ GET /api/weather params={'city': 'Hai Phong', 't': '1761460237684'}
2025-10-26 13:30:39,270 | INFO | app | RESP 200 application/json
2025-10-26 13:30:42,670 | INFO | app | REQ GET /health params={}
2025-10-26 13:30:42,674 | INFO | app | RESP 200 application/json
2025-10-26 13:30:42,765 | INFO | app | REQ GET /api/weather params={'city': 'Can Tho', 't': '1761460242447'}
2025-10-26 13:30:43,006 | INFO | app | RESP 200 application/json
2025-10-26 13:30:47,464 | INFO | app | REQ GET /api/weather params={'city': 'Hai Phong', 't': '1761460247459'}
2025-10-26 13:30:47,699 | INFO | app | RESP 200 application/json
2025-10-26 13:30:52,770 | INFO | app | REQ GET /api/weather params={'city': 'Gia Lai', 't': '1761460252453'}
2025-10-26 13:30:53,547 | INFO | app | RESP 200 application/json
2025-10-26 13:30:57,687 | INFO | app | REQ GET /api/weather params={'city': 'Tay Ninh', 't': '1761460257683'}
2025-10-26 13:30:58,090 | INFO | app | RESP 200 application/json
2025-10-26 13:31:02,994 | INFO | app | REQ GET /api/weather params={'city': 'Kon Tum', 't': '1761460262682'}
2025-10-26 13:31:03,587 | INFO | app | RESP 200 application/json
2025-10-26 13:31:07,681 | INFO | app | REQ GET /api/weather params={'city': 'Dak Lak', 't': '1761460267678'}
2025-10-26 13:31:08,082 | INFO | app | RESP 200 application/json
2025-10-26 13:31:12,999 | INFO | app | REQ GET /api/weather params={'city': 'Hanoi', 't': '1761460272687'}
2025-10-26 13:31:13,421 | INFO | app | RESP 200 application/json
2025-10-26 13:31:17,993 | INFO | app | REQ GET /api/weather params={'city': 'Ho Chi Minh City', 't': '1761460277680'}
2025-10-26 13:31:18,781 | INFO | app | RESP 200 application/json
2025-10-26 13:31:22,693 | INFO | app | REQ GET /api/weather params={'city': 'Da Nang', 't': '1761460282687'}
2025-10-26 13:31:22,951 | INFO | app | RESP 200 application/json
2025-10-26 13:31:27,996 | INFO | app | REQ GET /api/weather params={'city': 'Hue', 't': '1761460287679'}
2025-10-26 13:31:28,262 | INFO | app | RESP 200 application/json
2025-10-26 13:31:32,690 | INFO | app | REQ GET /api/weather params={'city': 'Can Tho', 't': '1761460292686'}
2025-10-26 13:31:32,969 | INFO | app | RESP 200 application/json
2025-10-26 13:31:37,997 | INFO | app | REQ GET /api/weather params={'city': 'Hai Phong', 't': '1761460297678'}
2025-10-26 13:31:38,250 | INFO | app | RESP 200 application/json
2025-10-26 13:31:42,464 | INFO | app | REQ GET /api/weather params={'city': 'Gia Lai', 't': '1761460302459'}
2025-10-26 13:31:42,697 | INFO | app | RESP 200 application/json
2025-10-26 13:31:43,092 | INFO | app | REQ GET /health params={}
2025-10-26 13:31:43,094 | INFO | app | RESP 200 application/json
2025-10-26 13:31:47,238 | INFO | app | REQ GET /api/weather params={'city': 'Gia lai', 't': '1761460306915'}
2025-10-26 13:31:47,478 | INFO | app | RESP 200 application/json
2025-10-26 13:31:51,893 | INFO | app | REQ GET /health params={}
2025-10-26 13:31:51,895 | INFO | app | RESP 200 application/json
2025-10-26 13:31:56,037 | INFO | app | REQ GET /api/weather params={'city': 'Gia lai', 't': '1761460315714'}
2025-10-26 13:31:56,039 | INFO | app | REQ GET /api/forecast params={'city': 'Gia lai', 'hours': '5', 't': '1761460315714'}
2025-10-26 13:31:57,416 | INFO | app | RESP 200 application/json
2025-10-26 13:31:57,694 | INFO | app | RESP 200 application/json
2025-10-26 13:32:11,100 | INFO | app | REQ GET /api/weather params={'city': 'Đồng Nai', 't': '1761460330783'}
2025-10-26 13:32:11,104 | INFO | app | REQ GET /api/forecast params={'city': 'Đồng Nai', 'hours': '5', 't': '1761460330784'}
2025-10-26 13:32:11,546 | INFO | app | RESP 200 application/json
2025-10-26 13:32:12,073 | INFO | app | RESP 200 application/json
2025-10-26 13:32:14,033 | INFO | app | REQ GET /health params={}
2025-10-26 13:32:14,035 | INFO | app | RESP 200 application/json
2025-10-26 13:32:14,353 | INFO | app | REQ GET /api/forecast params={'city': 'Đồng Nai', 'hours': '5', 't': '1761460334042'}
2025-10-26 13:32:14,585 | INFO | app | RESP 200 application/json
2025-10-26 13:32:27,770 | INFO | app | REQ GET /api/weather params={'city': 'Cà Mau', 't': '1761460347458'}
2025-10-26 13:32:27,776 | INFO | app | REQ GET /api/forecast params={'city': 'Cà Mau', 'hours': '5', 't': '1761460347459'}
2025-10-26 13:32:28,209 | INFO | app | RESP 200 application/json
2025-10-26 13:32:28,529 | INFO | app | RESP 200 application/json
2025-10-26 13:32:35,229 | INFO | app | REQ GET /health params={}
2025-10-26 13:32:35,230 | INFO | app | RESP 200 application/json
2025-10-26 13:32:35,561 | INFO | app | REQ GET /api/forecast params={'city': 'Cà Mau', 'hours': '5', 't': '1761460355244'}
2025-10-26 13:32:35,776 | INFO | app | RESP 200 application/json
2025-10-26 13:34:20,526 | INFO | app | REQ GET /health params={}
2025-10-26 13:34:20,529 | INFO | app | RESP 200 application/json
2025-10-26 13:34:24,683 | INFO | app | REQ GET /health params={}
2025-10-26 13:34:24,685 | INFO | app | RESP 200 application/json
2025-10-26 13:34:45,541 | INFO | app | REQ GET /health params={}
2025-10-26 13:34:45,973 | INFO | app | RESP 200 application/json
2025-10-26 13:34:48,791 | INFO | app | REQ GET /api/weather params={'city': 'Gia lai', 't': '1761460488785'}
2025-10-26 13:34:49,097 | INFO | app | REQ GET /api/forecast params={'city': 'Gia lai', 'hours': '5', 't': '1761460488785'}
2025-10-26 13:34:49,224 | INFO | app | RESP 200 application/json
2025-10-26 13:34:49,316 | INFO | app | RESP 200 application/json
2025-10-26 13:36:09,103 | INFO | app | REQ GET /health params={}
2025-10-26 13:36:09,437 | INFO | app | RESP 200 application/json
2025-10-26 13:36:12,375 | INFO | app | REQ GET /api/weather params={'city': 'Gia lai', 't': '1761460572367'}
2025-10-26 13:36:12,585 | INFO | app | RESP 200 application/json
2025-10-26 13:36:12,690 | INFO | app | REQ GET /api/forecast params={'city': 'Gia lai', 'hours': '5', 't': '1761460572368'}
2025-10-26 13:36:14,128 | INFO | app | RESP 200 application/json
2025-10-26 13:36:14,819 | INFO | app | REQ GET /api/weather params={'city': 'Gia lai', 't': '1761460574506'}
2025-10-26 13:36:14,822 | INFO | app | REQ GET /api/forecast params={'city': 'Gia lai', 'hours': '5', 't': '1761460574506'}
2025-10-26 13:36:15,016 | INFO | app | RESP 200 application/json
2025-10-26 13:36:15,036 | INFO | app | RESP 200 application/json
2025-10-26 13:36:35,097 | INFO | app | REQ GET /health params={}
2025-10-26 13:36:35,098 | INFO | app | RESP 200 application/json
2025-10-26 13:36:35,440 | INFO | app | REQ GET /api/forecast params={'city': 'Gia lai', 'hours': '5', 't': '1761460595113'}
2025-10-26 13:36:35,728 | INFO | app | RESP 200 application/json
2025-10-26 13:37:25,307 | INFO | app | REQ GET /health params={}
2025-10-26 13:37:25,537 | INFO | app | RESP 200 application/json
2025-10-26 13:37:30,594 | INFO | app | REQ GET /health params={}
2025-10-26 13:37:30,598 | INFO | app | RESP 200 application/json
2025-10-26 13:38:28,238 | INFO | app | REQ GET /health params={}
2025-10-26 13:38:28,743 | INFO | app | REQ GET /api/weather params={'city': 'Tây ninh', 't': '1761460708734'}
2025-10-26 13:38:28,839 | INFO | app | RESP 200 application/json
2025-10-26 13:38:29,047 | INFO | app | REQ GET /api/forecast params={'city': 'Tây ninh', 'hours': '5', 't': '1761460708735'}
2025-10-26 13:38:29,147 | INFO | app | RESP 200 application/json
2025-10-26 13:38:29,839 | INFO | app | RESP 200 application/json
2025-10-26 13:39:02,234 | INFO | app | REQ GET /health params={}
2025-10-26 13:39:02,237 | INFO | app | RESP 200 application/json
2025-10-26 13:39:07,474 | INFO | app | REQ GET /api/history params={'city': 'Gia lai', 'limit': '100', 't': '1761460747460'}
2025-10-26 13:39:07,511 | INFO | app | RESP 200 application/json
2025-10-26 13:39:13,741 | INFO | app | REQ GET /health params={}
2025-10-26 13:39:13,743 | INFO | app | RESP 200 application/json
2025-10-26 13:39:14,580 | INFO | app | REQ GET /health params={}
2025-10-26 13:39:14,580 | INFO | app | RESP 200 application/json
2025-10-26 13:39:14,889 | INFO | app | REQ GET /api/weather params={'city': 'Da Nang', 't': '1761460754558'}
2025-10-26 13:39:15,390 | INFO | app | RESP 200 application/json
2025-10-26 13:39:19,897 | INFO | app | REQ GET /api/weather params={'city': 'Hue', 't': '1761460759560'}
2025-10-26 13:39:20,724 | INFO | app | RESP 200 application/json
2025-10-26 13:39:24,144 | INFO | app | REQ GET /health params={}
2025-10-26 13:39:24,146 | INFO | app | RESP 200 application/json
2025-10-26 13:39:27,310 | INFO | app | REQ GET /api/weather params={'city': 'Gia lai', 't': '1761460767303'}
2025-10-26 13:39:27,703 | INFO | app | RESP 200 application/json
2025-10-26 13:42:51,629 | INFO | app | REQ GET /health params={}
2025-10-26 13:42:51,631 | INFO | app | RESP 200 application/json
2025-10-26 13:42:53,295 | INFO | app | REQ GET /health params={}
2025-10-26 13:42:53,295 | INFO | app | RESP 200 application/json
2025-10-26 13:42:53,610 | INFO | app | REQ GET /api/weather params={'city': 'Ho Chi Minh City', 't': '1761460973279'}
2025-10-26 13:42:54,141 | INFO | app | RESP 200 application/json
2025-10-26 13:42:55,376 | INFO | app | REQ GET /health params={}
2025-10-26 13:42:55,380 | INFO | app | REQ GET /api/weather params={'city': 'Tay Ninh', 't': '1761460975060'}
2025-10-26 13:42:55,380 | INFO | app | RESP 200 application/json
2025-10-26 13:42:55,791 | INFO | app | RESP 200 application/json
2025-10-26 13:43:00,999 | INFO | app | REQ GET /api/weather params={'city': 'Kon Tum', 't': '1761460980685'}
2025-10-26 13:43:01,380 | INFO | app | RESP 200 application/json
2025-10-26 13:43:05,139 | INFO | app | REQ GET /api/weather params={'city': 'Dak Lak', 't': '1761460985125'}
2025-10-26 13:43:05,490 | INFO | app | RESP 200 application/json
2025-10-26 13:43:06,069 | INFO | app | REQ GET /health params={}
2025-10-26 13:43:06,072 | INFO | app | REQ GET /api/weather params={'city': 'Hanoi', 't': '1761460985753'}
2025-10-26 13:43:06,073 | INFO | app | RESP 200 application/json
2025-10-26 13:43:06,473 | INFO | app | RESP 200 application/json
2025-10-26 13:43:12,006 | INFO | app | REQ GET /api/weather params={'city': 'Ho Chi Minh City', 't': '1761460991688'}
2025-10-26 13:43:12,222 | INFO | app | RESP 200 application/json
2025-10-26 13:43:15,676 | INFO | app | REQ GET /health params={}
2025-10-26 13:43:15,678 | INFO | app | RESP 200 application/json
2025-10-26 13:43:15,990 | INFO | app | REQ GET /api/weather params={'city': 'Can Tho', 't': '1761460995672'}
2025-10-26 13:43:16,391 | INFO | app | RESP 200 application/json
2025-10-26 13:43:20,993 | INFO | app | REQ GET /api/weather params={'city': 'Hai Phong', 't': '1761461000678'}
2025-10-26 13:43:21,378 | INFO | app | RESP 200 application/json
2025-10-26 13:43:25,687 | INFO | app | REQ GET /api/weather params={'city': 'Gia Lai', 't': '1761461005682'}
2025-10-26 13:43:26,080 | INFO | app | RESP 200 application/json
2025-10-26 13:43:26,781 | INFO | app | REQ GET /health params={}
2025-10-26 13:43:26,783 | INFO | app | RESP 200 application/json
2025-10-26 13:43:26,785 | INFO | app | REQ GET /api/weather params={'city': 'Da Nang', 't': '1761461006469'}
2025-10-26 13:43:27,176 | INFO | app | RESP 200 application/json
2025-10-26 13:43:31,682 | INFO | app | REQ GET /api/weather params={'city': 'Hue', 't': '1761461011678'}
2025-10-26 13:43:32,163 | INFO | app | RESP 200 application/json
2025-10-26 13:43:35,879 | INFO | app | REQ GET /health params={}
2025-10-26 13:43:35,881 | INFO | app | RESP 200 application/json
2025-10-26 13:43:35,883 | INFO | app | REQ GET /api/weather params={'city': 'Hai Phong', 't': '1761461015564'}
2025-10-26 13:43:36,122 | INFO | app | RESP 200 application/json
2025-10-26 13:43:40,887 | INFO | app | REQ GET /api/weather params={'city': 'Gia Lai', 't': '1761461020569'}
2025-10-26 13:43:41,111 | INFO | app | RESP 200 application/json
2025-10-26 13:43:45,686 | INFO | app | REQ GET /api/weather params={'city': 'Tay Ninh', 't': '1761461025680'}
2025-10-26 13:43:45,974 | INFO | app | RESP 200 application/json
2025-10-26 13:43:50,999 | INFO | app | REQ GET /api/weather params={'city': 'Kon Tum', 't': '1761461030686'}
2025-10-26 13:43:51,255 | INFO | app | RESP 200 application/json
2025-10-26 13:43:55,683 | INFO | app | REQ GET /api/weather params={'city': 'Dak Lak', 't': '1761461035680'}
2025-10-26 13:43:55,917 | INFO | app | RESP 200 application/json
2025-10-26 13:44:01,006 | INFO | app | REQ GET /api/weather params={'city': 'Hanoi', 't': '1761461040690'}
2025-10-26 13:44:01,241 | INFO | app | RESP 200 application/json
2025-10-26 13:44:05,680 | INFO | app | REQ GET /api/weather params={'city': 'Ho Chi Minh City', 't': '1761461045677'}
2025-10-26 13:44:05,913 | INFO | app | RESP 200 application/json
